Component: ARM Compiler 5.06 update 6 (build 750) Tool: armlink [4d35ed]

==============================================================================

Section Cross References

    stm32f7xx_it.o(i.SysTick_Handler) refers to stm32f7xx_hal.o(i.HAL_IncTick) for HAL_IncTick
    main.o(i.RNG_Get_RandomNum) refers to stm32f7xx_hal_rng.o(i.HAL_RNG_GetRandomNumber) for HAL_RNG_GetRandomNumber
    main.o(i.RNG_Get_RandomNum) refers to main.o(.bss) for .bss
    main.o(i.RNG_Init) refers to stm32f7xx_hal_rng.o(i.HAL_RNG_Init) for HAL_RNG_Init
    main.o(i.RNG_Init) refers to stm32f7xx_hal.o(i.HAL_Delay) for HAL_Delay
    main.o(i.RNG_Init) refers to main.o(.bss) for .bss
    main.o(i.SystemClock_Config) refers to stm32f7xx_hal_rcc.o(i.HAL_RCC_OscConfig) for HAL_RCC_OscConfig
    main.o(i.SystemClock_Config) refers to stm32f7xx_hal_pwr_ex.o(i.HAL_PWREx_EnableOverDrive) for HAL_PWREx_EnableOverDrive
    main.o(i.SystemClock_Config) refers to stm32f7xx_hal_rcc.o(i.HAL_RCC_ClockConfig) for HAL_RCC_ClockConfig
    main.o(i.decide_bomb_number) refers to main.o(i.display_bomb_number) for display_bomb_number
    main.o(i.decide_bomb_number) refers to touch_746g_discovery.o(i.Touch_GetState) for Touch_GetState
    main.o(i.decide_bomb_number) refers to stm32746g_discovery_lcd.o(i.BSP_LCD_SetTextColor) for BSP_LCD_SetTextColor
    main.o(i.decide_bomb_number) refers to main.o(i.get_touch_position) for get_touch_position
    main.o(i.decide_bomb_number) refers to stm32746g_discovery_lcd.o(i.BSP_LCD_DisplayChar) for BSP_LCD_DisplayChar
    main.o(i.decide_bomb_number) refers to stm32f7xx_hal.o(i.HAL_Delay) for HAL_Delay
    main.o(i.decide_bomb_number) refers to stm32746g_discovery_lcd.o(i.BSP_LCD_Clear) for BSP_LCD_Clear
    main.o(i.decide_bomb_number) refers to main.o(.data) for .data
    main.o(i.display_bomb_number) refers to stm32746g_discovery_lcd.o(i.BSP_LCD_SetTextColor) for BSP_LCD_SetTextColor
    main.o(i.display_bomb_number) refers to stm32746g_discovery_lcd.o(i.BSP_LCD_DisplayStringAt) for BSP_LCD_DisplayStringAt
    main.o(i.display_bomb_number) refers to stm32746g_discovery_lcd.o(i.BSP_LCD_DisplayChar) for BSP_LCD_DisplayChar
    main.o(i.display_bomb_number) refers to main.o(.data) for .data
    main.o(i.draw) refers to stm32746g_discovery_lcd.o(i.BSP_LCD_SetTextColor) for BSP_LCD_SetTextColor
    main.o(i.draw) refers to stm32746g_discovery_lcd.o(i.BSP_LCD_DrawRect) for BSP_LCD_DrawRect
    main.o(i.draw) refers to stm32746g_discovery_lcd.o(i.BSP_LCD_DisplayChar) for BSP_LCD_DisplayChar
    main.o(i.draw) refers to main.o(.data) for .data
    main.o(i.draw) refers to main.o(.bss) for .bss
    main.o(i.get_touch_position) refers to stm32746g_discovery_lcd.o(i.BSP_LCD_DisplayChar) for BSP_LCD_DisplayChar
    main.o(i.get_touch_position) refers to main.o(.data) for .data
    main.o(i.init_bombs_map) refers to main.o(i.RNG_Init) for RNG_Init
    main.o(i.init_bombs_map) refers to main.o(i.RNG_Get_RandomNum) for RNG_Get_RandomNum
    main.o(i.init_bombs_map) refers to main.o(.bss) for .bss
    main.o(i.init_bombs_map) refers to main.o(.data) for .data
    main.o(i.main) refers to main.o(i.CPU_CACHE_Enable) for CPU_CACHE_Enable
    main.o(i.main) refers to stm32f7xx_hal.o(i.HAL_Init) for HAL_Init
    main.o(i.main) refers to main.o(i.SystemClock_Config) for SystemClock_Config
    main.o(i.main) refers to system_stm32f7xx.o(i.SystemCoreClockUpdate) for SystemCoreClockUpdate
    main.o(i.main) refers to stm32746g_discovery_lcd.o(i.BSP_LCD_Init) for BSP_LCD_Init
    main.o(i.main) refers to stm32746g_discovery_lcd.o(i.BSP_LCD_LayerDefaultInit) for BSP_LCD_LayerDefaultInit
    main.o(i.main) refers to stm32746g_discovery_lcd.o(i.BSP_LCD_SelectLayer) for BSP_LCD_SelectLayer
    main.o(i.main) refers to stm32746g_discovery_lcd.o(i.BSP_LCD_DisplayOn) for BSP_LCD_DisplayOn
    main.o(i.main) refers to stm32746g_discovery_lcd.o(i.BSP_LCD_Clear) for BSP_LCD_Clear
    main.o(i.main) refers to stm32746g_discovery_lcd.o(i.BSP_LCD_DrawPixel) for BSP_LCD_DrawPixel
    main.o(i.main) refers to touch_746g_discovery.o(i.Touch_Initialize) for Touch_Initialize
    main.o(i.main) refers to main.o(i.decide_bomb_number) for decide_bomb_number
    main.o(i.main) refers to main.o(i.init_bombs_map) for init_bombs_map
    main.o(i.main) refers to main.o(i.draw) for draw
    main.o(i.main) refers to stm32f7xx_hal.o(i.HAL_Delay) for HAL_Delay
    main.o(i.main) refers to touch_746g_discovery.o(i.Touch_GetState) for Touch_GetState
    main.o(i.main) refers to stm32746g_discovery_lcd.o(i.BSP_LCD_SetTextColor) for BSP_LCD_SetTextColor
    main.o(i.main) refers to stm32746g_discovery_lcd.o(i.BSP_LCD_DisplayStringAtLine) for BSP_LCD_DisplayStringAtLine
    main.o(i.main) refers to main.o(i.get_touch_position) for get_touch_position
    main.o(i.main) refers to stm32746g_discovery_lcd.o(i.BSP_LCD_DisplayChar) for BSP_LCD_DisplayChar
    main.o(i.main) refers to main.o(i.step_on) for step_on
[...]
    Removing stm32f7xx_hal_uart.o(i.UART_AdvFeatureConfig), (200 bytes).
    Removing stm32f7xx_hal_uart.o(i.UART_CheckIdleState), (60 bytes).
    Removing stm32f7xx_hal_uart.o(i.UART_DMAAbortOnError), (20 bytes).
    Removing stm32f7xx_hal_uart.o(i.UART_DMAError), (70 bytes).
    Removing stm32f7xx_hal_uart.o(i.UART_DMAReceiveCplt), (58 bytes).
    Removing stm32f7xx_hal_uart.o(i.UART_DMARxAbortCallback), (58 bytes).
    Removing stm32f7xx_hal_uart.o(i.UART_DMARxHalfCplt), (10 bytes).
    Removing stm32f7xx_hal_uart.o(i.UART_DMARxOnlyAbortCallback), (36 bytes).
    Removing stm32f7xx_hal_uart.o(i.UART_DMATransmitCplt), (46 bytes).
    Removing stm32f7xx_hal_uart.o(i.UART_DMATxAbortCallback), (48 bytes).
    Removing stm32f7xx_hal_uart.o(i.UART_DMATxHalfCplt), (10 bytes).
    Removing stm32f7xx_hal_uart.o(i.UART_DMATxOnlyAbortCallback), (20 bytes).
    Removing stm32f7xx_hal_uart.o(i.UART_EndRxTransfer), (32 bytes).
    Removing stm32f7xx_hal_uart.o(i.UART_EndTxTransfer), (16 bytes).
    Removing stm32f7xx_hal_uart.o(i.UART_RxISR_16BIT), (90 bytes).
    Removing stm32f7xx_hal_uart.o(i.UART_RxISR_8BIT), (90 bytes).
    Removing stm32f7xx_hal_uart.o(i.UART_SetConfig), (604 bytes).
    Removing stm32f7xx_hal_uart.o(i.UART_TxISR_16BIT), (64 bytes).
    Removing stm32f7xx_hal_uart.o(i.UART_TxISR_8BIT), (60 bytes).
    Removing stm32f7xx_hal_uart.o(i.UART_WaitOnFlagUntilTimeout), (164 bytes).
    Removing stm32f7xx_hal_uart_ex.o(.rev16_text), (4 bytes).
    Removing stm32f7xx_hal_uart_ex.o(.revsh_text), (4 bytes).
    Removing stm32f7xx_hal_uart_ex.o(.rrx_text), (6 bytes).
    Removing stm32f7xx_hal_uart_ex.o(i.HAL_MultiProcessorEx_AddressLength_Set), (46 bytes).
    Removing stm32f7xx_hal_uart_ex.o(i.HAL_RS485Ex_Init), (136 bytes).
    Removing stm32f7xx_ll_fmc.o(.rev16_text), (4 bytes).
    Removing stm32f7xx_ll_fmc.o(.revsh_text), (4 bytes).
    Removing stm32f7xx_ll_fmc.o(.rrx_text), (6 bytes).
    Removing stm32f7xx_ll_fmc.o(i.FMC_NAND_AttributeSpace_Timing_Init), (30 bytes).
    Removing stm32f7xx_ll_fmc.o(i.FMC_NAND_CommonSpace_Timing_Init), (30 bytes).
    Removing stm32f7xx_ll_fmc.o(i.FMC_NAND_DeInit), (30 bytes).
    Removing stm32f7xx_ll_fmc.o(i.FMC_NAND_ECC_Disable), (12 bytes).
    Removing stm32f7xx_ll_fmc.o(i.FMC_NAND_ECC_Enable), (12 bytes).
    Removing stm32f7xx_ll_fmc.o(i.FMC_NAND_GetECC), (56 bytes).
    Removing stm32f7xx_ll_fmc.o(i.FMC_NAND_Init), (52 bytes).
    Removing stm32f7xx_ll_fmc.o(i.FMC_NORSRAM_DeInit), (50 bytes).
    Removing stm32f7xx_ll_fmc.o(i.FMC_NORSRAM_Extended_Timing_Init), (64 bytes).
    Removing stm32f7xx_ll_fmc.o(i.FMC_NORSRAM_Init), (156 bytes).
    Removing stm32f7xx_ll_fmc.o(i.FMC_NORSRAM_Timing_Init), (100 bytes).
    Removing stm32f7xx_ll_fmc.o(i.FMC_NORSRAM_WriteOperation_Disable), (16 bytes).
    Removing stm32f7xx_ll_fmc.o(i.FMC_NORSRAM_WriteOperation_Enable), (16 bytes).
    Removing stm32f7xx_ll_fmc.o(i.FMC_SDRAM_DeInit), (32 bytes).
    Removing stm32f7xx_ll_fmc.o(i.FMC_SDRAM_GetModeStatus), (18 bytes).
    Removing stm32f7xx_ll_fmc.o(i.FMC_SDRAM_SetAutoRefreshNumber), (12 bytes).
    Removing stm32f7xx_ll_fmc.o(i.FMC_SDRAM_WriteProtection_Disable), (16 bytes).
    Removing stm32f7xx_ll_fmc.o(i.FMC_SDRAM_WriteProtection_Enable), (16 bytes).
    Removing startup_stm32f746xx.o(HEAP), (512 bytes).
    Removing system_stm32f7xx.o(.rev16_text), (4 bytes).
    Removing system_stm32f7xx.o(.revsh_text), (4 bytes).
    Removing system_stm32f7xx.o(.rrx_text), (6 bytes).
    Removing system_stm32f7xx.o(.constdata), (8 bytes).

510 unused section(s) (total 42606 bytes) removed from the image.

==============================================================================

Image Symbol Table

    Local Symbols

    Symbol Name                              Value     Ov Type        Size  Object(Section)

    ../Src/main.c                            0x00000000   Number         0  main.o ABSOLUTE
    ../Src/stm32f7xx_hal_msp.c               0x00000000   Number         0  stm32f7xx_hal_msp.o ABSOLUTE
    ../Src/stm32f7xx_it.c                    0x00000000   Number         0  stm32f7xx_it.o ABSOLUTE
    ../clib/microlib/division.c              0x00000000   Number         0  uldiv.o ABSOLUTE
    ../clib/microlib/init/entry.s            0x00000000   Number         0  entry8a.o ABSOLUTE
    ../clib/microlib/init/entry.s            0x00000000   Number         0  entry7b.o ABSOLUTE
    ../clib/microlib/init/entry.s            0x00000000   Number         0  entry11b.o ABSOLUTE
    ../clib/microlib/init/entry.s            0x00000000   Number         0  entry5.o ABSOLUTE
    ../clib/microlib/init/entry.s            0x00000000   Number         0  entry7a.o ABSOLUTE
    ../clib/microlib/init/entry.s            0x00000000   Number         0  entry.o ABSOLUTE
    ../clib/microlib/init/entry.s            0x00000000   Number         0  entry11a.o ABSOLUTE
    ../clib/microlib/init/entry.s            0x00000000   Number         0  entry2.o ABSOLUTE
    ../clib/microlib/init/entry.s            0x00000000   Number         0  entry10b.o ABSOLUTE
    ../clib/microlib/init/entry.s            0x00000000   Number         0  entry10a.o ABSOLUTE
    ../clib/microlib/init/entry.s            0x00000000   Number         0  entry9b.o ABSOLUTE
    ../clib/microlib/init/entry.s            0x00000000   Number         0  entry9a.o ABSOLUTE
    ../clib/microlib/init/entry.s            0x00000000   Number         0  entry8b.o ABSOLUTE
    ../clib/microlib/longlong.c              0x00000000   Number         0  llushr.o ABSOLUTE
    ../clib/microlib/longlong.c              0x00000000   Number         0  llshl.o ABSOLUTE
    ../clib/microlib/string/memcpy.c         0x00000000   Number         0  memcpyb.o ABSOLUTE
    ../clib/microlib/string/memcpy.c         0x00000000   Number         0  memcpya.o ABSOLUTE
    ..\Src\main.c                            0x00000000   Number         0  main.o ABSOLUTE
    ..\Src\stm32f7xx_hal_msp.c               0x00000000   Number         0  stm32f7xx_hal_msp.o ABSOLUTE
    ..\Src\stm32f7xx_it.c                    0x00000000   Number         0  stm32f7xx_it.o ABSOLUTE
    C:\Users\Sally\AppData\Local\Arm\Packs\Keil\STM32F7xx_DFP\2.13.0\Drivers\BSP\Components\ft5336\ft5336.c 0x00000000   Number         0  ft5336.o ABSOLUTE
    C:\Users\Sally\AppData\Local\Arm\Packs\Keil\STM32F7xx_DFP\2.13.0\Drivers\BSP\STM32746G-Discovery\stm32746g_discovery.c 0x00000000   Number         0  stm32746g_discovery.o ABSOLUTE
    C:\Users\Sally\AppData\Local\Arm\Packs\Keil\STM32F7xx_DFP\2.13.0\Drivers\BSP\STM32746G-Discovery\stm32746g_discovery_lcd.c 0x00000000   Number         0  stm32746g_discovery_lcd.o ABSOLUTE
    C:\Users\Sally\AppData\Local\Arm\Packs\Keil\STM32F7xx_DFP\2.13.0\Drivers\BSP\STM32746G-Discovery\stm32746g_discovery_sdram.c 0x00000000   Number         0  stm32746g_discovery_sdram.o ABSOLUTE
    C:\Users\Sally\AppData\Local\Arm\Packs\Keil\STM32F7xx_DFP\2.13.0\Drivers\BSP\STM32746G-Discovery\stm32746g_discovery_ts.c 0x00000000   Number         0  stm32746g_discovery_ts.o ABSOLUTE
    C:\Users\Sally\AppData\Local\Arm\Packs\Keil\STM32F7xx_DFP\2.13.0\Drivers\STM32F7xx_HAL_Driver\Src\stm32f7xx_hal.c 0x00000000   Number         0  stm32f7xx_hal.o ABSOLUTE
    C:\Users\Sally\AppData\Local\Arm\Packs\Keil\STM32F7xx_DFP\2.13.0\Drivers\STM32F7xx_HAL_Driver\Src\stm32f7xx_hal_cortex.c 0x00000000   Number         0  stm32f7xx_hal_cortex.o ABSOLUTE
    C:\Users\Sally\AppData\Local\Arm\Packs\Keil\STM32F7xx_DFP\2.13.0\Drivers\STM32F7xx_HAL_Driver\Src\stm32f7xx_hal_dma.c 0x00000000   Number         0  stm32f7xx_hal_dma.o ABSOLUTE
    C:\Users\Sally\AppData\Local\Arm\Packs\Keil\STM32F7xx_DFP\2.13.0\Drivers\STM32F7xx_HAL_Driver\Src\stm32f7xx_hal_dma2d.c 0x00000000   Number         0  stm32f7xx_hal_dma2d.o ABSOLUTE
    C:\Users\Sally\AppData\Local\Arm\Packs\Keil\STM32F7xx_DFP\2.13.0\Drivers\STM32F7xx_HAL_Driver\Src\stm32f7xx_hal_dma_ex.c 0x00000000   Number         0  stm32f7xx_hal_dma_ex.o ABSOLUTE
    C:\Users\Sally\AppData\Local\Arm\Packs\Keil\STM32F7xx_DFP\2.13.0\Drivers\STM32F7xx_HAL_Driver\Src\stm32f7xx_hal_gpio.c 0x00000000   Number         0  stm32f7xx_hal_gpio.o ABSOLUTE
    C:\Users\Sally\AppData\Local\Arm\Packs\Keil\STM32F7xx_DFP\2.13.0\Drivers\STM32F7xx_HAL_Driver\Src\stm32f7xx_hal_i2c.c 0x00000000   Number         0  stm32f7xx_hal_i2c.o ABSOLUTE
    C:\Users\Sally\AppData\Local\Arm\Packs\Keil\STM32F7xx_DFP\2.13.0\Drivers\STM32F7xx_HAL_Driver\Src\stm32f7xx_hal_i2c_ex.c 0x00000000   Number         0  stm32f7xx_hal_i2c_ex.o ABSOLUTE
    C:\Users\Sally\AppData\Local\Arm\Packs\Keil\STM32F7xx_DFP\2.13.0\Drivers\STM32F7xx_HAL_Driver\Src\stm32f7xx_hal_ltdc.c 0x00000000   Number         0  stm32f7xx_hal_ltdc.o ABSOLUTE
    C:\Users\Sally\AppData\Local\Arm\Packs\Keil\STM32F7xx_DFP\2.13.0\Drivers\STM32F7xx_HAL_Driver\Src\stm32f7xx_hal_ltdc_ex.c 0x00000000   Number         0  stm32f7xx_hal_ltdc_ex.o ABSOLUTE
    C:\Users\Sally\AppData\Local\Arm\Packs\Keil\STM32F7xx_DFP\2.13.0\Drivers\STM32F7xx_HAL_Driver\Src\stm32f7xx_hal_pwr.c 0x00000000   Number         0  stm32f7xx_hal_pwr.o ABSOLUTE
    C:\Users\Sally\AppData\Local\Arm\Packs\Keil\STM32F7xx_DFP\2.13.0\Drivers\STM32F7xx_HAL_Driver\Src\stm32f7xx_hal_pwr_ex.c 0x00000000   Number         0  stm32f7xx_hal_pwr_ex.o ABSOLUTE
    C:\Users\Sally\AppData\Local\Arm\Packs\Keil\STM32F7xx_DFP\2.13.0\Drivers\STM32F7xx_HAL_Driver\Src\stm32f7xx_hal_rcc.c 0x00000000   Number         0  stm32f7xx_hal_rcc.o ABSOLUTE
    C:\Users\Sally\AppData\Local\Arm\Packs\Keil\STM32F7xx_DFP\2.13.0\Drivers\STM32F7xx_HAL_Driver\Src\stm32f7xx_hal_rcc_ex.c 0x00000000   Number         0  stm32f7xx_hal_rcc_ex.o ABSOLUTE
    C:\Users\Sally\AppData\Local\Arm\Packs\Keil\STM32F7xx_DFP\2.13.0\Drivers\STM32F7xx_HAL_Driver\Src\stm32f7xx_hal_rng.c 0x00000000   Number         0  stm32f7xx_hal_rng.o ABSOLUTE
    C:\Users\Sally\AppData\Local\Arm\Packs\Keil\STM32F7xx_DFP\2.13.0\Drivers\STM32F7xx_HAL_Driver\Src\stm32f7xx_hal_sdram.c 0x00000000   Number         0  stm32f7xx_hal_sdram.o ABSOLUTE
    C:\Users\Sally\AppData\Local\Arm\Packs\Keil\STM32F7xx_DFP\2.13.0\Drivers\STM32F7xx_HAL_Driver\Src\stm32f7xx_hal_uart.c 0x00000000   Number         0  stm32f7xx_hal_uart.o ABSOLUTE
    C:\Users\Sally\AppData\Local\Arm\Packs\Keil\STM32F7xx_DFP\2.13.0\Drivers\STM32F7xx_HAL_Driver\Src\stm32f7xx_hal_uart_ex.c 0x00000000   Number         0  stm32f7xx_hal_uart_ex.o ABSOLUTE
    C:\Users\Sally\AppData\Local\Arm\Packs\Keil\STM32F7xx_DFP\2.13.0\Drivers\STM32F7xx_HAL_Driver\Src\stm32f7xx_ll_fmc.c 0x00000000   Number         0  stm32f7xx_ll_fmc.o ABSOLUTE
    C:\Users\Sally\AppData\Local\Arm\Packs\Keil\STM32F7xx_DFP\2.13.0\MDK\Boards\ST\STM32F746G_Discovery\Common\Touch_746G_Discovery.c 0x00000000   Number         0  touch_746g_discovery.o ABSOLUTE
    C:\\Users\\Sally\\AppData\\Local\\Arm\\Packs\\Keil\\STM32F7xx_DFP\\2.13.0\\Drivers\\BSP\\STM32746G-Discovery\\stm32746g_discovery.c 0x00000000   Number         0  stm32746g_discovery.o ABSOLUTE
    C:\\Users\\Sally\\AppData\\Local\\Arm\\Packs\\Keil\\STM32F7xx_DFP\\2.13.0\\Drivers\\BSP\\STM32746G-Discovery\\stm32746g_discovery_lcd.c 0x00000000   Number         0  stm32746g_discovery_lcd.o ABSOLUTE
    C:\\Users\\Sally\\AppData\\Local\\Arm\\Packs\\Keil\\STM32F7xx_DFP\\2.13.0\\Drivers\\BSP\\STM32746G-Discovery\\stm32746g_discovery_sdram.c 0x00000000   Number         0  stm32746g_discovery_sdram.o ABSOLUTE
    C:\\Users\\Sally\\AppData\\Local\\Arm\\Packs\\Keil\\STM32F7xx_DFP\\2.13.0\\Drivers\\BSP\\STM32746G-Discovery\\stm32746g_discovery_ts.c 0x00000000   Number         0  stm32746g_discovery_ts.o ABSOLUTE
    C:\\Users\\Sally\\AppData\\Local\\Arm\\Packs\\Keil\\STM32F7xx_DFP\\2.13.0\\Drivers\\STM32F7xx_HAL_Driver\\Src\\stm32f7xx_hal.c 0x00000000   Number         0  stm32f7xx_hal.o ABSOLUTE
    C:\\Users\\Sally\\AppData\\Local\\Arm\\Packs\\Keil\\STM32F7xx_DFP\\2.13.0\\Drivers\\STM32F7xx_HAL_Driver\\Src\\stm32f7xx_hal_cortex.c 0x00000000   Number         0  stm32f7xx_hal_cortex.o ABSOLUTE
    C:\\Users\\Sally\\AppData\\Local\\Arm\\Packs\\Keil\\STM32F7xx_DFP\\2.13.0\\Drivers\\STM32F7xx_HAL_Driver\\Src\\stm32f7xx_hal_dma.c 0x00000000   Number         0  stm32f7xx_hal_dma.o ABSOLUTE
    C:\\Users\\Sally\\AppData\\Local\\Arm\\Packs\\Keil\\STM32F7xx_DFP\\2.13.0\\Drivers\\STM32F7xx_HAL_Driver\\Src\\stm32f7xx_hal_dma2d.c 0x00000000   Number         0  stm32f7xx_hal_dma2d.o ABSOLUTE
    C:\\Users\\Sally\\AppData\\Local\\Arm\\Packs\\Keil\\STM32F7xx_DFP\\2.13.0\\Drivers\\STM32F7xx_HAL_Driver\\Src\\stm32f7xx_hal_dma_ex.c 0x00000000   Number         0  stm32f7xx_hal_dma_ex.o ABSOLUTE
    C:\\Users\\Sally\\AppData\\Local\\Arm\\Packs\\Keil\\STM32F7xx_DFP\\2.13.0\\Drivers\\STM32F7xx_HAL_Driver\\Src\\stm32f7xx_hal_gpio.c 0x00000000   Number         0  stm32f7xx_hal_gpio.o ABSOLUTE
    C:\\Users\\Sally\\AppData\\Local\\Arm\\Packs\\Keil\\STM32F7xx_DFP\\2.13.0\\Drivers\\STM32F7xx_HAL_Driver\\Src\\stm32f7xx_hal_i2c.c 0x00000000   Number         0  stm32f7xx_hal_i2c.o ABSOLUTE
    C:\\Users\\Sally\\AppData\\Local\\Arm\\Packs\\Keil\\STM32F7xx_DFP\\2.13.0\\Drivers\\STM32F7xx_HAL_Driver\\Src\\stm32f7xx_hal_i2c_ex.c 0x00000000   Number         0  stm32f7xx_hal_i2c_ex.o ABSOLUTE
    C:\\Users\\Sally\\AppData\\Local\\Arm\\Packs\\Keil\\STM32F7xx_DFP\\2.13.0\\Drivers\\STM32F7xx_HAL_Driver\\Src\\stm32f7xx_hal_ltdc.c 0x00000000   Number         0  stm32f7xx_hal_ltdc.o ABSOLUTE
    C:\\Users\\Sally\\AppData\\Local\\Arm\\Packs\\Keil\\STM32F7xx_DFP\\2.13.0\\Drivers\\STM32F7xx_HAL_Driver\\Src\\stm32f7xx_hal_ltdc_ex.c 0x00000000   Number         0  stm32f7xx_hal_ltdc_ex.o ABSOLUTE
    C:\\Users\\Sally\\AppData\\Local\\Arm\\Packs\\Keil\\STM32F7xx_DFP\\2.13.0\\Drivers\\STM32F7xx_HAL_Driver\\Src\\stm32f7xx_hal_pwr.c 0x00000000   Number         0  stm32f7xx_hal_pwr.o ABSOLUTE
    C:\\Users\\Sally\\AppData\\Local\\Arm\\Packs\\Keil\\STM32F7xx_DFP\\2.13.0\\Drivers\\STM32F7xx_HAL_Driver\\Src\\stm32f7xx_hal_pwr_ex.c 0x00000000   Number         0  stm32f7xx_hal_pwr_ex.o ABSOLUTE
    C:\\Users\\Sally\\AppData\\Local\\Arm\\Packs\\Keil\\STM32F7xx_DFP\\2.13.0\\Drivers\\STM32F7xx_HAL_Driver\\Src\\stm32f7xx_hal_rcc.c 0x00000000   Number         0  stm32f7xx_hal_rcc.o ABSOLUTE
    C:\\Users\\Sally\\AppData\\Local\\Arm\\Packs\\Keil\\STM32F7xx_DFP\\2.13.0\\Drivers\\STM32F7xx_HAL_Driver\\Src\\stm32f7xx_hal_rcc_ex.c 0x00000000   Number         0  stm32f7xx_hal_rcc_ex.o ABSOLUTE
    C:\\Users\\Sally\\AppData\\Local\\Arm\\Packs\\Keil\\STM32F7xx_DFP\\2.13.0\\Drivers\\STM32F7xx_HAL_Driver\\Src\\stm32f7xx_hal_rng.c 0x00000000   Number         0  stm32f7xx_hal_rng.o ABSOLUTE
    C:\\Users\\Sally\\AppData\\Local\\Arm\\Packs\\Keil\\STM32F7xx_DFP\\2.13.0\\Drivers\\STM32F7xx_HAL_Driver\\Src\\stm32f7xx_hal_sdram.c 0x00000000   Number         0  stm32f7xx_hal_sdram.o ABSOLUTE
    C:\\Users\\Sally\\AppData\\Local\\Arm\\Packs\\Keil\\STM32F7xx_DFP\\2.13.0\\Drivers\\STM32F7xx_HAL_Driver\\Src\\stm32f7xx_hal_uart.c 0x00000000   Number         0  stm32f7xx_hal_uart.o ABSOLUTE
    C:\\Users\\Sally\\AppData\\Local\\Arm\\Packs\\Keil\\STM32F7xx_DFP\\2.13.0\\Drivers\\STM32F7xx_HAL_Driver\\Src\\stm32f7xx_hal_uart_ex.c 0x00000000   Number         0  stm32f7xx_hal_uart_ex.o ABSOLUTE
    C:\\Users\\Sally\\AppData\\Local\\Arm\\Packs\\Keil\\STM32F7xx_DFP\\2.13.0\\Drivers\\STM32F7xx_HAL_Driver\\Src\\stm32f7xx_ll_fmc.c 0x00000000   Number         0  stm32f7xx_ll_fmc.o ABSOLUTE
    C:\\Users\\Sally\\AppData\\Local\\Arm\\Packs\\Keil\\STM32F7xx_DFP\\2.13.0\\MDK\\Boards\\ST\\STM32F746G_Discovery\\Common\\Touch_746G_Discovery.c 0x00000000   Number         0  touch_746g_discovery.o ABSOLUTE
    RTE\Device\STM32F746NGHx\startup_stm32f746xx.s 0x00000000   Number         0  startup_stm32f746xx.o ABSOLUTE
    RTE\Device\STM32F746NGHx\system_stm32f7xx.c 0x00000000   Number         0  system_stm32f7xx.o ABSOLUTE
    RTE\\Device\\STM32F746NGHx\\system_stm32f7xx.c 0x00000000   Number         0  system_stm32f7xx.o ABSOLUTE
    dc.s                                     0x00000000   Number         0  dc.o ABSOLUTE
    handlers.s                               0x00000000   Number         0  handlers.o ABSOLUTE
    init.s                                   0x00000000   Number         0  init.o ABSOLUTE
    RESET                                    0x00200000   Section      456  startup_stm32f746xx.o(RESET)
    .ARM.Collect$$$$00000000                 0x002001c8   Section        0  entry.o(.ARM.Collect$$$$00000000)
    .ARM.Collect$$$$00000001                 0x002001c8   Section        4  entry2.o(.ARM.Collect$$$$00000001)
    .ARM.Collect$$$$00000004                 0x002001cc   Section        4  entry5.o(.ARM.Collect$$$$00000004)
    .ARM.Collect$$$$00000008                 0x002001d0   Section        0  entry7b.o(.ARM.Collect$$$$00000008)
    .ARM.Collect$$$$0000000A                 0x002001d0   Section        0  entry8b.o(.ARM.Collect$$$$0000000A)
    .ARM.Collect$$$$0000000B                 0x002001d0   Section        8  entry9a.o(.ARM.Collect$$$$0000000B)
    .ARM.Collect$$$$0000000D                 0x002001d8   Section        0  entry10a.o(.ARM.Collect$$$$0000000D)
    .ARM.Collect$$$$0000000F                 0x002001d8   Section        0  entry11a.o(.ARM.Collect$$$$0000000F)
    .ARM.Collect$$$$00002712                 0x002001d8   Section        4  entry2.o(.ARM.Collect$$$$00002712)
    __lit__00000000                          0x002001d8   Data           4  entry2.o(.ARM.Collect$$$$00002712)
    .text                                    0x002001dc   Section       36  startup_stm32f746xx.o(.text)
    $v0                                      0x002001dc   Number         0  startup_stm32f746xx.o(.text)
    .text                                    0x00200200   Section        0  uldiv.o(.text)
    .text                                    0x00200262   Section        0  memcpya.o(.text)
    .text                                    0x00200286   Section        0  llshl.o(.text)
    .text                                    0x002002a4   Section        0  llushr.o(.text)
    .text                                    0x002002c4   Section       36  init.o(.text)
    i.BSP_LCD_Clear                          0x002002e8   Section        0  stm32746g_discovery_lcd.o(i.BSP_LCD_Clear)
    i.BSP_LCD_ClockConfig                    0x00200320   Section        0  stm32746g_discovery_lcd.o(i.BSP_LCD_ClockConfig)
    i.BSP_LCD_DisplayChar                    0x00200340   Section        0  stm32746g_discovery_lcd.o(i.BSP_LCD_DisplayChar)
    i.BSP_LCD_DisplayOn                      0x00200374   Section        0  stm32746g_discovery_lcd.o(i.BSP_LCD_DisplayOn)
    i.BSP_LCD_DisplayStringAt                0x002003a8   Section        0  stm32746g_discovery_lcd.o(i.BSP_LCD_DisplayStringAt)
    i.BSP_LCD_DisplayStringAtLine            0x00200470   Section        0  stm32746g_discovery_lcd.o(i.BSP_LCD_DisplayStringAtLine)
    i.BSP_LCD_DrawHLine                      0x0020048c   Section        0  stm32746g_discovery_lcd.o(i.BSP_LCD_DrawHLine)
    i.BSP_LCD_DrawPixel                      0x00200508   Section        0  stm32746g_discovery_lcd.o(i.BSP_LCD_DrawPixel)
    i.BSP_LCD_DrawRect                       0x0020056c   Section        0  stm32746g_discovery_lcd.o(i.BSP_LCD_DrawRect)
    i.BSP_LCD_DrawVLine                      0x002005a4   Section        0  stm32746g_discovery_lcd.o(i.BSP_LCD_DrawVLine)
    i.BSP_LCD_GetFont                        0x0020062c   Section        0  stm32746g_discovery_lcd.o(i.BSP_LCD_GetFont)
    i.BSP_LCD_GetXSize                       0x00200648   Section        0  stm32746g_discovery_lcd.o(i.BSP_LCD_GetXSize)
    i.BSP_LCD_GetYSize                       0x00200668   Section        0  stm32746g_discovery_lcd.o(i.BSP_LCD_GetYSize)
    i.BSP_LCD_Init                           0x00200688   Section        0  stm32746g_discovery_lcd.o(i.BSP_LCD_Init)
    i.BSP_LCD_LayerDefaultInit               0x0020072c   Section        0  stm32746g_discovery_lcd.o(i.BSP_LCD_LayerDefaultInit)
    i.BSP_LCD_MspInit                        0x002007a4   Section        0  stm32746g_discovery_lcd.o(i.BSP_LCD_MspInit)
    i.BSP_LCD_SelectLayer                    0x002008dc   Section        0  stm32746g_discovery_lcd.o(i.BSP_LCD_SelectLayer)
    i.BSP_LCD_SetFont                        0x002008e8   Section        0  stm32746g_discovery_lcd.o(i.BSP_LCD_SetFont)
    i.BSP_LCD_SetTextColor                   0x00200904   Section        0  stm32746g_discovery_lcd.o(i.BSP_LCD_SetTextColor)
    i.BSP_SDRAM_Init                         0x0020091c   Section        0  stm32746g_discovery_sdram.o(i.BSP_SDRAM_Init)
    i.BSP_SDRAM_Initialization_sequence      0x00200994   Section        0  stm32746g_discovery_sdram.o(i.BSP_SDRAM_Initialization_sequence)
    i.BSP_SDRAM_MspInit                      0x00200a20   Section        0  stm32746g_discovery_sdram.o(i.BSP_SDRAM_MspInit)
    i.BSP_TS_GetState                        0x00200b88   Section        0  stm32746g_discovery_ts.o(i.BSP_TS_GetState)
    i.BSP_TS_Get_GestureId                   0x00200cf8   Section        0  stm32746g_discovery_ts.o(i.BSP_TS_Get_GestureId)
    i.BSP_TS_Init                            0x00200d54   Section        0  stm32746g_discovery_ts.o(i.BSP_TS_Init)
    i.BusFault_Handler                       0x00200d90   Section        0  stm32f7xx_it.o(i.BusFault_Handler)
    i.CPU_CACHE_Enable                       0x00200d94   Section        0  main.o(i.CPU_CACHE_Enable)
    CPU_CACHE_Enable                         0x00200d95   Thumb Code   128  main.o(i.CPU_CACHE_Enable)
    i.DMA2D_SetConfig                        0x00200e1c   Section        0  stm32f7xx_hal_dma2d.o(i.DMA2D_SetConfig)
    DMA2D_SetConfig                          0x00200e1d   Thumb Code   146  stm32f7xx_hal_dma2d.o(i.DMA2D_SetConfig)
    i.DMA_CalcBaseAndBitshift                0x00200eb0   Section        0  stm32f7xx_hal_dma.o(i.DMA_CalcBaseAndBitshift)
    DMA_CalcBaseAndBitshift                  0x00200eb1   Thumb Code    34  stm32f7xx_hal_dma.o(i.DMA_CalcBaseAndBitshift)
    i.DMA_CheckFifoParam                     0x00200ed8   Section        0  stm32f7xx_hal_dma.o(i.DMA_CheckFifoParam)
    DMA_CheckFifoParam                       0x00200ed9   Thumb Code    84  stm32f7xx_hal_dma.o(i.DMA_CheckFifoParam)
    i.DebugMon_Handler                       0x00200f2c   Section        0  stm32f7xx_it.o(i.DebugMon_Handler)
    i.DrawChar                               0x00200f30   Section        0  stm32746g_discovery_lcd.o(i.DrawChar)
    DrawChar                                 0x00200f31   Thumb Code   168  stm32746g_discovery_lcd.o(i.DrawChar)
    i.FMC_SDRAM_Init                         0x00200fe0   Section        0  stm32f7xx_ll_fmc.o(i.FMC_SDRAM_Init)
    i.FMC_SDRAM_ProgramRefreshRate           0x0020103e   Section        0  stm32f7xx_ll_fmc.o(i.FMC_SDRAM_ProgramRefreshRate)
    i.FMC_SDRAM_SendCommand                  0x0020104a   Section        0  stm32f7xx_ll_fmc.o(i.FMC_SDRAM_SendCommand)
    i.FMC_SDRAM_Timing_Init                  0x0020106c   Section        0  stm32f7xx_ll_fmc.o(i.FMC_SDRAM_Timing_Init)
    i.HAL_DMA2D_ConfigLayer                  0x002010f8   Section        0  stm32f7xx_hal_dma2d.o(i.HAL_DMA2D_ConfigLayer)
    i.HAL_DMA2D_Init                         0x00201198   Section        0  stm32f7xx_hal_dma2d.o(i.HAL_DMA2D_Init)
    i.HAL_DMA2D_MspInit                      0x002011f2   Section        0  stm32f7xx_hal_dma2d.o(i.HAL_DMA2D_MspInit)
    i.HAL_DMA2D_PollForTransfer              0x002011f4   Section        0  stm32f7xx_hal_dma2d.o(i.HAL_DMA2D_PollForTransfer)
    i.HAL_DMA2D_Start                        0x00201302   Section        0  stm32f7xx_hal_dma2d.o(i.HAL_DMA2D_Start)
    i.HAL_DMA_DeInit                         0x00201336   Section        0  stm32f7xx_hal_dma.o(i.HAL_DMA_DeInit)
    i.HAL_DMA_Init                           0x00201398   Section        0  stm32f7xx_hal_dma.o(i.HAL_DMA_Init)
    i.HAL_Delay                              0x0020147c   Section        0  stm32f7xx_hal.o(i.HAL_Delay)
    i.HAL_GPIO_Init                          0x002014a0   Section        0  stm32f7xx_hal_gpio.o(i.HAL_GPIO_Init)
    i.HAL_GPIO_WritePin                      0x00201678   Section        0  stm32f7xx_hal_gpio.o(i.HAL_GPIO_WritePin)
    i.HAL_GetTick                            0x00201684   Section        0  stm32f7xx_hal.o(i.HAL_GetTick)
    i.HAL_I2C_DeInit                         0x00201690   Section        0  stm32f7xx_hal_i2c.o(i.HAL_I2C_DeInit)
    i.HAL_I2C_GetState                       0x002016c4   Section        0  stm32f7xx_hal_i2c.o(i.HAL_I2C_GetState)
    i.HAL_I2C_Init                           0x002016cc   Section        0  stm32f7xx_hal_i2c.o(i.HAL_I2C_Init)
    i.HAL_I2C_Mem_Read                       0x00201784   Section        0  stm32f7xx_hal_i2c.o(i.HAL_I2C_Mem_Read)
    i.HAL_I2C_Mem_Write                      0x002018e8   Section        0  stm32f7xx_hal_i2c.o(i.HAL_I2C_Mem_Write)
    i.HAL_I2C_MspDeInit                      0x00201a40   Section        0  stm32f7xx_hal_i2c.o(i.HAL_I2C_MspDeInit)
    i.HAL_I2C_MspInit                        0x00201a42   Section        0  stm32f7xx_hal_i2c.o(i.HAL_I2C_MspInit)
    i.HAL_IncTick                            0x00201a44   Section        0  stm32f7xx_hal.o(i.HAL_IncTick)
    i.HAL_Init                               0x00201a54   Section        0  stm32f7xx_hal.o(i.HAL_Init)
    i.HAL_InitTick                           0x00201a78   Section        0  stm32f7xx_hal.o(i.HAL_InitTick)
    i.HAL_LTDC_ConfigLayer                   0x00201ab8   Section        0  stm32f7xx_hal_ltdc.o(i.HAL_LTDC_ConfigLayer)
    i.HAL_LTDC_GetState                      0x00201b0a   Section        0  stm32f7xx_hal_ltdc.o(i.HAL_LTDC_GetState)
    i.HAL_LTDC_Init                          0x00201b10   Section        0  stm32f7xx_hal_ltdc.o(i.HAL_LTDC_Init)
    i.HAL_LTDC_MspInit                       0x00201c08   Section        0  stm32f7xx_hal_ltdc.o(i.HAL_LTDC_MspInit)
    i.HAL_MspInit                            0x00201c0a   Section        0  stm32f7xx_hal_msp.o(i.HAL_MspInit)
    i.HAL_NVIC_EnableIRQ                     0x00201c0c   Section        0  stm32f7xx_hal_cortex.o(i.HAL_NVIC_EnableIRQ)
    i.HAL_NVIC_SetPriority                   0x00201c28   Section        0  stm32f7xx_hal_cortex.o(i.HAL_NVIC_SetPriority)
    i.HAL_NVIC_SetPriorityGrouping           0x00201c68   Section        0  stm32f7xx_hal_cortex.o(i.HAL_NVIC_SetPriorityGrouping)
    i.HAL_PWREx_EnableOverDrive              0x00201c8c   Section        0  stm32f7xx_hal_pwr_ex.o(i.HAL_PWREx_EnableOverDrive)
    i.HAL_RCCEx_PeriphCLKConfig              0x00201cf8   Section        0  stm32f7xx_hal_rcc_ex.o(i.HAL_RCCEx_PeriphCLKConfig)
    i.HAL_RCC_ClockConfig                    0x002021f4   Section        0  stm32f7xx_hal_rcc.o(i.HAL_RCC_ClockConfig)
    i.HAL_RCC_GetSysClockFreq                0x00202324   Section        0  stm32f7xx_hal_rcc.o(i.HAL_RCC_GetSysClockFreq)
    i.HAL_RCC_OscConfig                      0x00202388   Section        0  stm32f7xx_hal_rcc.o(i.HAL_RCC_OscConfig)
    i.HAL_RNG_GenerateRandomNumber           0x0020270c   Section        0  stm32f7xx_hal_rng.o(i.HAL_RNG_GenerateRandomNumber)
    i.HAL_RNG_GetRandomNumber                0x00202780   Section        0  stm32f7xx_hal_rng.o(i.HAL_RNG_GetRandomNumber)
    i.HAL_RNG_Init                           0x00202796   Section        0  stm32f7xx_hal_rng.o(i.HAL_RNG_Init)
    i.HAL_RNG_MspInit                        0x002027c8   Section        0  main.o(i.HAL_RNG_MspInit)
    i.HAL_SDRAM_Init                         0x002027e4   Section        0  stm32f7xx_hal_sdram.o(i.HAL_SDRAM_Init)
    i.HAL_SDRAM_MspInit                      0x00202826   Section        0  stm32f7xx_hal_sdram.o(i.HAL_SDRAM_MspInit)
    i.HAL_SDRAM_ProgramRefreshRate           0x00202828   Section        0  stm32f7xx_hal_sdram.o(i.HAL_SDRAM_ProgramRefreshRate)
    i.HAL_SDRAM_SendCommand                  0x0020284c   Section        0  stm32f7xx_hal_sdram.o(i.HAL_SDRAM_SendCommand)
    i.HAL_SYSTICK_Config                     0x0020287c   Section        0  stm32f7xx_hal_cortex.o(i.HAL_SYSTICK_Config)
    i.HardFault_Handler                      0x002028a2   Section        0  stm32f7xx_it.o(i.HardFault_Handler)
    i.I2C_Flush_TXDR                         0x002028a4   Section        0  stm32f7xx_hal_i2c.o(i.I2C_Flush_TXDR)
    I2C_Flush_TXDR                           0x002028a5   Thumb Code    34  stm32f7xx_hal_i2c.o(i.I2C_Flush_TXDR)
    i.I2C_IsAcknowledgeFailed                0x002028c8   Section        0  stm32f7xx_hal_i2c.o(i.I2C_IsAcknowledgeFailed)
    I2C_IsAcknowledgeFailed                  0x002028c9   Thumb Code   132  stm32f7xx_hal_i2c.o(i.I2C_IsAcknowledgeFailed)
    i.I2C_RequestMemoryRead                  0x00202950   Section        0  stm32f7xx_hal_i2c.o(i.I2C_RequestMemoryRead)
    I2C_RequestMemoryRead                    0x00202951   Thumb Code    94  stm32f7xx_hal_i2c.o(i.I2C_RequestMemoryRead)
    i.I2C_RequestMemoryWrite                 0x002029b4   Section        0  stm32f7xx_hal_i2c.o(i.I2C_RequestMemoryWrite)
    I2C_RequestMemoryWrite                   0x002029b5   Thumb Code    94  stm32f7xx_hal_i2c.o(i.I2C_RequestMemoryWrite)
    i.I2C_TransferConfig                     0x00202a18   Section        0  stm32f7xx_hal_i2c.o(i.I2C_TransferConfig)
    I2C_TransferConfig                       0x00202a19   Thumb Code    40  stm32f7xx_hal_i2c.o(i.I2C_TransferConfig)
    i.I2C_WaitOnFlagUntilTimeout             0x00202a44   Section        0  stm32f7xx_hal_i2c.o(i.I2C_WaitOnFlagUntilTimeout)
    I2C_WaitOnFlagUntilTimeout               0x00202a45   Thumb Code    90  stm32f7xx_hal_i2c.o(i.I2C_WaitOnFlagUntilTimeout)
    i.I2C_WaitOnSTOPFlagUntilTimeout         0x00202a9e   Section        0  stm32f7xx_hal_i2c.o(i.I2C_WaitOnSTOPFlagUntilTimeout)
    I2C_WaitOnSTOPFlagUntilTimeout           0x00202a9f   Thumb Code    78  stm32f7xx_hal_i2c.o(i.I2C_WaitOnSTOPFlagUntilTimeout)
    i.I2C_WaitOnTXISFlagUntilTimeout         0x00202aec   Section        0  stm32f7xx_hal_i2c.o(i.I2C_WaitOnTXISFlagUntilTimeout)
    I2C_WaitOnTXISFlagUntilTimeout           0x00202aed   Thumb Code    82  stm32f7xx_hal_i2c.o(i.I2C_WaitOnTXISFlagUntilTimeout)
    i.I2Cx_Error                             0x00202b3e   Section        0  stm32746g_discovery.o(i.I2Cx_Error)
    I2Cx_Error                               0x00202b3f   Thumb Code    18  stm32746g_discovery.o(i.I2Cx_Error)
    i.I2Cx_Init                              0x00202b50   Section        0  stm32746g_discovery.o(i.I2Cx_Init)
    I2Cx_Init                                0x00202b51   Thumb Code    64  stm32746g_discovery.o(i.I2Cx_Init)
    i.I2Cx_MspInit                           0x00202ba0   Section        0  stm32746g_discovery.o(i.I2Cx_MspInit)
    I2Cx_MspInit                             0x00202ba1   Thumb Code   266  stm32746g_discovery.o(i.I2Cx_MspInit)
    i.I2Cx_ReadMultiple                      0x00202cc4   Section        0  stm32746g_discovery.o(i.I2Cx_ReadMultiple)
    I2Cx_ReadMultiple                        0x00202cc5   Thumb Code    42  stm32746g_discovery.o(i.I2Cx_ReadMultiple)
    i.I2Cx_WriteMultiple                     0x00202cee   Section        0  stm32746g_discovery.o(i.I2Cx_WriteMultiple)
    I2Cx_WriteMultiple                       0x00202cef   Thumb Code    42  stm32746g_discovery.o(i.I2Cx_WriteMultiple)
    i.LL_FillBuffer                          0x00202d18   Section        0  stm32746g_discovery_lcd.o(i.LL_FillBuffer)
    LL_FillBuffer                            0x00202d19   Thumb Code   116  stm32746g_discovery_lcd.o(i.LL_FillBuffer)
    i.LTDC_SetConfig                         0x00202d98   Section        0  stm32f7xx_hal_ltdc.o(i.LTDC_SetConfig)
    LTDC_SetConfig                           0x00202d99   Thumb Code   464  stm32f7xx_hal_ltdc.o(i.LTDC_SetConfig)
    i.MemManage_Handler                      0x00202f68   Section        0  stm32f7xx_it.o(i.MemManage_Handler)
    i.NMI_Handler                            0x00202f6a   Section        0  stm32f7xx_it.o(i.NMI_Handler)
    i.PendSV_Handler                         0x00202f6c   Section        0  stm32f7xx_it.o(i.PendSV_Handler)
    i.RNG_Get_RandomNum                      0x00202f70   Section        0  main.o(i.RNG_Get_RandomNum)
    i.RNG_Init                               0x00202f7c   Section        0  main.o(i.RNG_Init)
    i.SVC_Handler                            0x00202fc0   Section        0  stm32f7xx_it.o(i.SVC_Handler)
    i.SysTick_Handler                        0x00202fc2   Section        0  stm32f7xx_it.o(i.SysTick_Handler)
    i.SystemClock_Config                     0x00202fc6   Section        0  main.o(i.SystemClock_Config)
    SystemClock_Config                       0x00202fc7   Thumb Code    96  main.o(i.SystemClock_Config)
    i.SystemCoreClockUpdate                  0x00203028   Section        0  system_stm32f7xx.o(i.SystemCoreClockUpdate)
    i.SystemInit                             0x002030ac   Section        0  system_stm32f7xx.o(i.SystemInit)
    i.TS_IO_Delay                            0x00203100   Section        0  stm32746g_discovery.o(i.TS_IO_Delay)
    i.TS_IO_Init                             0x00203104   Section        0  stm32746g_discovery.o(i.TS_IO_Init)
    i.TS_IO_Read                             0x00203110   Section        0  stm32746g_discovery.o(i.TS_IO_Read)
    i.TS_IO_Write                            0x00203138   Section        0  stm32746g_discovery.o(i.TS_IO_Write)
    i.Touch_GetState                         0x00203158   Section        0  touch_746g_discovery.o(i.Touch_GetState)
    i.Touch_Initialize                       0x0020318e   Section        0  touch_746g_discovery.o(i.Touch_Initialize)
    i.UsageFault_Handler                     0x002031a6   Section        0  stm32f7xx_it.o(i.UsageFault_Handler)
    i.__NVIC_SetPriority                     0x002031a8   Section        0  stm32f7xx_hal_cortex.o(i.__NVIC_SetPriority)
    __NVIC_SetPriority                       0x002031a9   Thumb Code    34  stm32f7xx_hal_cortex.o(i.__NVIC_SetPriority)
    i.__scatterload_copy                     0x002031ca   Section       14  handlers.o(i.__scatterload_copy)
    i.__scatterload_null                     0x002031d8   Section        2  handlers.o(i.__scatterload_null)
    i.__scatterload_zeroinit                 0x002031da   Section       14  handlers.o(i.__scatterload_zeroinit)
    i.decide_bomb_number                     0x002031e8   Section        0  main.o(i.decide_bomb_number)
    i.display_bomb_number                    0x00203328   Section        0  main.o(i.display_bomb_number)
    i.draw                                   0x002033f4   Section        0  main.o(i.draw)
    i.ft5336_I2C_InitializeIfRequired        0x002034f8   Section        0  ft5336.o(i.ft5336_I2C_InitializeIfRequired)
    ft5336_I2C_InitializeIfRequired          0x002034f9   Thumb Code    20  ft5336.o(i.ft5336_I2C_InitializeIfRequired)
    i.ft5336_Init                            0x00203510   Section        0  ft5336.o(i.ft5336_Init)
    i.ft5336_ReadID                          0x00203520   Section        0  ft5336.o(i.ft5336_ReadID)
    i.ft5336_Reset                           0x0020355a   Section        0  ft5336.o(i.ft5336_Reset)
    i.ft5336_TS_ClearIT                      0x0020355c   Section        0  ft5336.o(i.ft5336_TS_ClearIT)
    i.ft5336_TS_DetectTouch                  0x00203560   Section        0  ft5336.o(i.ft5336_TS_DetectTouch)
    i.ft5336_TS_DisableIT                    0x002035a0   Section        0  ft5336.o(i.ft5336_TS_DisableIT)
    i.ft5336_TS_EnableIT                     0x002035aa   Section        0  ft5336.o(i.ft5336_TS_EnableIT)
    i.ft5336_TS_GetGestureID                 0x002035b4   Section        0  ft5336.o(i.ft5336_TS_GetGestureID)
    i.ft5336_TS_GetTouchInfo                 0x002035d4   Section        0  ft5336.o(i.ft5336_TS_GetTouchInfo)
    i.ft5336_TS_GetXY                        0x002036a0   Section        0  ft5336.o(i.ft5336_TS_GetXY)
    i.ft5336_TS_ITStatus                     0x002037c0   Section        0  ft5336.o(i.ft5336_TS_ITStatus)
    i.ft5336_TS_Start                        0x002037c4   Section        0  ft5336.o(i.ft5336_TS_Start)
    i.get_touch_position                     0x002037c8   Section        0  main.o(i.get_touch_position)
    i.init_bombs_map                         0x00203810   Section        0  main.o(i.init_bombs_map)
    i.main                                   0x002038b4   Section        0  main.o(i.main)
    i.step_on                                0x00203a94   Section        0  main.o(i.step_on)
    i.win_judge                              0x00203b1c   Section        0  main.o(i.win_judge)
    .constdata                               0x00203b6c   Section     6840  stm32746g_discovery_lcd.o(.constdata)
    .constdata                               0x00205624   Section        8  stm32f7xx_hal_dma.o(.constdata)
    flagBitshiftOffset                       0x00205624   Data           8  stm32f7xx_hal_dma.o(.constdata)
    .constdata                               0x0020562c   Section       16  system_stm32f7xx.o(.constdata)
    .data                                    0x20000000   Section       32  main.o(.data)
    TS_State                                 0x20000014   Data           6  main.o(.data)
    TS_State                                 0x2000001a   Data           6  main.o(.data)
    .data                                    0x20000020   Section       40  ft5336.o(.data)
    .data                                    0x20000048   Section        5  ft5336.o(.data)
    coord                                    0x20000048   Data           2  ft5336.o(.data)
    ft5336_handle                            0x2000004a   Data           3  ft5336.o(.data)
    .data                                    0x20000050   Section       12  stm32746g_discovery_lcd.o(.data)
    ActiveLayer                              0x20000050   Data           4  stm32746g_discovery_lcd.o(.data)
    .data                                    0x2000005c   Section        2  stm32746g_discovery_sdram.o(.data)
    sdramstatus                              0x2000005c   Data           1  stm32746g_discovery_sdram.o(.data)
    sdramstatus                              0x2000005d   Data           1  stm32746g_discovery_sdram.o(.data)
    .data                                    0x20000060   Section       12  stm32746g_discovery_ts.o(.data)
    tsOrientation                            0x20000060   Data           1  stm32746g_discovery_ts.o(.data)
    I2cAddress                               0x20000061   Data           1  stm32746g_discovery_ts.o(.data)
    tsXBoundary                              0x20000062   Data           2  stm32746g_discovery_ts.o(.data)
    tsYBoundary                              0x20000064   Data           2  stm32746g_discovery_ts.o(.data)
    tsDriver                                 0x20000068   Data           4  stm32746g_discovery_ts.o(.data)
    .data                                    0x2000006c   Section       12  stm32f7xx_hal.o(.data)
    .data                                    0x20000078   Section        4  system_stm32f7xx.o(.data)
    .bss                                     0x2000007c   Section     1376  main.o(.bss)
    .bss                                     0x200005dc   Section      152  stm32746g_discovery.o(.bss)
    hI2cAudioHandler                         0x200005dc   Data          76  stm32746g_discovery.o(.bss)
    hI2cExtHandler                           0x20000628   Data          76  stm32746g_discovery.o(.bss)
    .bss                                     0x20000674   Section      388  stm32746g_discovery_lcd.o(.bss)
    periph_clk_init_struct                   0x20000674   Data         132  stm32746g_discovery_lcd.o(.bss)
    hDma2dHandler                            0x200007a0   Data          64  stm32746g_discovery_lcd.o(.bss)
    DrawProp                                 0x200007e0   Data          24  stm32746g_discovery_lcd.o(.bss)
    .bss                                     0x200007f8   Section      288  stm32746g_discovery_sdram.o(.bss)
    dma_handle                               0x200007f8   Data          96  stm32746g_discovery_sdram.o(.bss)
    dma_handle                               0x20000858   Data          96  stm32746g_discovery_sdram.o(.bss)
    Timing                                   0x200008ec   Data          28  stm32746g_discovery_sdram.o(.bss)
    Command                                  0x20000908   Data          16  stm32746g_discovery_sdram.o(.bss)
    .bss                                     0x20000918   Section       40  stm32746g_discovery_ts.o(.bss)
    _x                                       0x20000918   Data          20  stm32746g_discovery_ts.o(.bss)
    _y                                       0x2000092c   Data          20  stm32746g_discovery_ts.o(.bss)
    STACK                                    0x20000940   Section     4096  startup_stm32f746xx.o(STACK)

    Global Symbols

    Symbol Name                              Value     Ov Type        Size  Object(Section)

    BuildAttributes$$THM_ISAv4$E$P$D$K$B$S$7EM$VFPi5$EXTD16$VFPS$VFMA$PE$PLD8$A:L22UL41UL21$X:L11$S22US41US21$IEEE1$IW$USESV6$~STKCKD$USESV7$~SHL$OSPACE$EBA8$MICROLIB$REQ8$PRES8$EABIv2 0x00000000   Number         0  anon$$obj.o ABSOLUTE
    __ARM_use_no_argv                        0x00000000   Number         0  main.o ABSOLUTE
    __cpp_initialize__aeabi_                  - Undefined Weak Reference
    __cxa_finalize                            - Undefined Weak Reference
    __decompress                              - Undefined Weak Reference
    _clock_init                               - Undefined Weak Reference
    _microlib_exit                            - Undefined Weak Reference
    __Vectors_Size                           0x000001c8   Number         0  startup_stm32f746xx.o ABSOLUTE
    __Vectors                                0x00200000   Data           4  startup_stm32f746xx.o(RESET)
    __Vectors_End                            0x002001c8   Data           0  startup_stm32f746xx.o(RESET)
    __main                                   0x002001c9   Thumb Code     0  entry.o(.ARM.Collect$$$$00000000)
    _main_stk                                0x002001c9   Thumb Code     0  entry2.o(.ARM.Collect$$$$00000001)
    _main_scatterload                        0x002001cd   Thumb Code     0  entry5.o(.ARM.Collect$$$$00000004)
    __main_after_scatterload                 0x002001d1   Thumb Code     0  entry5.o(.ARM.Collect$$$$00000004)
    _main_clock                              0x002001d1   Thumb Code     0  entry7b.o(.ARM.Collect$$$$00000008)
    _main_cpp_init                           0x002001d1   Thumb Code     0  entry8b.o(.ARM.Collect$$$$0000000A)
    _main_init                               0x002001d1   Thumb Code     0  entry9a.o(.ARM.Collect$$$$0000000B)
    __rt_final_cpp                           0x002001d9   Thumb Code     0  entry10a.o(.ARM.Collect$$$$0000000D)
    __rt_final_exit                          0x002001d9   Thumb Code     0  entry11a.o(.ARM.Collect$$$$0000000F)
    Reset_Handler                            0x002001dd   Thumb Code     8  startup_stm32f746xx.o(.text)
    ADC_IRQHandler                           0x002001f7   Thumb Code     0  startup_stm32f746xx.o(.text)
    CAN1_RX0_IRQHandler                      0x002001f7   Thumb Code     0  startup_stm32f746xx.o(.text)
    CAN1_RX1_IRQHandler                      0x002001f7   Thumb Code     0  startup_stm32f746xx.o(.text)
    CAN1_SCE_IRQHandler                      0x002001f7   Thumb Code     0  startup_stm32f746xx.o(.text)
    CAN1_TX_IRQHandler                       0x002001f7   Thumb Code     0  startup_stm32f746xx.o(.text)
    CAN2_RX0_IRQHandler                      0x002001f7   Thumb Code     0  startup_stm32f746xx.o(.text)
    CAN2_RX1_IRQHandler                      0x002001f7   Thumb Code     0  startup_stm32f746xx.o(.text)
    CAN2_SCE_IRQHandler                      0x002001f7   Thumb Code     0  startup_stm32f746xx.o(.text)
    CAN2_TX_IRQHandler                       0x002001f7   Thumb Code     0  startup_stm32f746xx.o(.text)
    CEC_IRQHandler                           0x002001f7   Thumb Code     0  startup_stm32f746xx.o(.text)
    DCMI_IRQHandler                          0x002001f7   Thumb Code     0  startup_stm32f746xx.o(.text)
    DMA1_Stream0_IRQHandler                  0x002001f7   Thumb Code     0  startup_stm32f746xx.o(.text)
    DMA1_Stream1_IRQHandler                  0x002001f7   Thumb Code     0  startup_stm32f746xx.o(.text)
    DMA1_Stream2_IRQHandler                  0x002001f7   Thumb Code     0  startup_stm32f746xx.o(.text)
    DMA1_Stream3_IRQHandler                  0x002001f7   Thumb Code     0  startup_stm32f746xx.o(.text)
    DMA1_Stream4_IRQHandler                  0x002001f7   Thumb Code     0  startup_stm32f746xx.o(.text)
    DMA1_Stream5_IRQHandler                  0x002001f7   Thumb Code     0  startup_stm32f746xx.o(.text)
    DMA1_Stream6_IRQHandler                  0x002001f7   Thumb Code     0  startup_stm32f746xx.o(.text)
    DMA1_Stream7_IRQHandler                  0x002001f7   Thumb Code     0  startup_stm32f746xx.o(.text)
    DMA2D_IRQHandler                         0x002001f7   Thumb Code     0  startup_stm32f746xx.o(.text)
    DMA2_Stream0_IRQHandler                  0x002001f7   Thumb Code     0  startup_stm32f746xx.o(.text)
    DMA2_Stream1_IRQHandler                  0x002001f7   Thumb Code     0  startup_stm32f746xx.o(.text)
    DMA2_Stream2_IRQHandler                  0x002001f7   Thumb Code     0  startup_stm32f746xx.o(.text)
    DMA2_Stream3_IRQHandler                  0x002001f7   Thumb Code     0  startup_stm32f746xx.o(.text)
    DMA2_Stream4_IRQHandler                  0x002001f7   Thumb Code     0  startup_stm32f746xx.o(.text)
    DMA2_Stream5_IRQHandler                  0x002001f7   Thumb Code     0  startup_stm32f746xx.o(.text)
    DMA2_Stream6_IRQHandler                  0x002001f7   Thumb Code     0  startup_stm32f746xx.o(.text)
    DMA2_Stream7_IRQHandler                  0x002001f7   Thumb Code     0  startup_stm32f746xx.o(.text)
    ETH_IRQHandler                           0x002001f7   Thumb Code     0  startup_stm32f746xx.o(.text)
    ETH_WKUP_IRQHandler                      0x002001f7   Thumb Code     0  startup_stm32f746xx.o(.text)
    EXTI0_IRQHandler                         0x002001f7   Thumb Code     0  startup_stm32f746xx.o(.text)
    EXTI15_10_IRQHandler                     0x002001f7   Thumb Code     0  startup_stm32f746xx.o(.text)
    EXTI1_IRQHandler                         0x002001f7   Thumb Code     0  startup_stm32f746xx.o(.text)
    EXTI2_IRQHandler                         0x002001f7   Thumb Code     0  startup_stm32f746xx.o(.text)
    EXTI3_IRQHandler                         0x002001f7   Thumb Code     0  startup_stm32f746xx.o(.text)
    EXTI4_IRQHandler                         0x002001f7   Thumb Code     0  startup_stm32f746xx.o(.text)
    EXTI9_5_IRQHandler                       0x002001f7   Thumb Code     0  startup_stm32f746xx.o(.text)
    FLASH_IRQHandler                         0x002001f7   Thumb Code     0  startup_stm32f746xx.o(.text)
    FMC_IRQHandler                           0x002001f7   Thumb Code     0  startup_stm32f746xx.o(.text)
    FPU_IRQHandler                           0x002001f7   Thumb Code     0  startup_stm32f746xx.o(.text)
    I2C1_ER_IRQHandler                       0x002001f7   Thumb Code     0  startup_stm32f746xx.o(.text)
    I2C1_EV_IRQHandler                       0x002001f7   Thumb Code     0  startup_stm32f746xx.o(.text)
    I2C2_ER_IRQHandler                       0x002001f7   Thumb Code     0  startup_stm32f746xx.o(.text)
    I2C2_EV_IRQHandler                       0x002001f7   Thumb Code     0  startup_stm32f746xx.o(.text)
    I2C3_ER_IRQHandler                       0x002001f7   Thumb Code     0  startup_stm32f746xx.o(.text)
    I2C3_EV_IRQHandler                       0x002001f7   Thumb Code     0  startup_stm32f746xx.o(.text)
    I2C4_ER_IRQHandler                       0x002001f7   Thumb Code     0  startup_stm32f746xx.o(.text)
    I2C4_EV_IRQHandler                       0x002001f7   Thumb Code     0  startup_stm32f746xx.o(.text)
    LPTIM1_IRQHandler                        0x002001f7   Thumb Code     0  startup_stm32f746xx.o(.text)
    LTDC_ER_IRQHandler                       0x002001f7   Thumb Code     0  startup_stm32f746xx.o(.text)
    LTDC_IRQHandler                          0x002001f7   Thumb Code     0  startup_stm32f746xx.o(.text)
    OTG_FS_IRQHandler                        0x002001f7   Thumb Code     0  startup_stm32f746xx.o(.text)
    OTG_FS_WKUP_IRQHandler                   0x002001f7   Thumb Code     0  startup_stm32f746xx.o(.text)
    OTG_HS_EP1_IN_IRQHandler                 0x002001f7   Thumb Code     0  startup_stm32f746xx.o(.text)
    OTG_HS_EP1_OUT_IRQHandler                0x002001f7   Thumb Code     0  startup_stm32f746xx.o(.text)
    OTG_HS_IRQHandler                        0x002001f7   Thumb Code     0  startup_stm32f746xx.o(.text)
    OTG_HS_WKUP_IRQHandler                   0x002001f7   Thumb Code     0  startup_stm32f746xx.o(.text)
    PVD_IRQHandler                           0x002001f7   Thumb Code     0  startup_stm32f746xx.o(.text)
    QUADSPI_IRQHandler                       0x002001f7   Thumb Code     0  startup_stm32f746xx.o(.text)
    RCC_IRQHandler                           0x002001f7   Thumb Code     0  startup_stm32f746xx.o(.text)
    RNG_IRQHandler                           0x002001f7   Thumb Code     0  startup_stm32f746xx.o(.text)
    RTC_Alarm_IRQHandler                     0x002001f7   Thumb Code     0  startup_stm32f746xx.o(.text)
    RTC_WKUP_IRQHandler                      0x002001f7   Thumb Code     0  startup_stm32f746xx.o(.text)
    SAI1_IRQHandler                          0x002001f7   Thumb Code     0  startup_stm32f746xx.o(.text)
    SAI2_IRQHandler                          0x002001f7   Thumb Code     0  startup_stm32f746xx.o(.text)
    SDMMC1_IRQHandler                        0x002001f7   Thumb Code     0  startup_stm32f746xx.o(.text)
    SPDIF_RX_IRQHandler                      0x002001f7   Thumb Code     0  startup_stm32f746xx.o(.text)
    SPI1_IRQHandler                          0x002001f7   Thumb Code     0  startup_stm32f746xx.o(.text)
    SPI2_IRQHandler                          0x002001f7   Thumb Code     0  startup_stm32f746xx.o(.text)
    SPI3_IRQHandler                          0x002001f7   Thumb Code     0  startup_stm32f746xx.o(.text)
    SPI4_IRQHandler                          0x002001f7   Thumb Code     0  startup_stm32f746xx.o(.text)
    SPI5_IRQHandler                          0x002001f7   Thumb Code     0  startup_stm32f746xx.o(.text)
    SPI6_IRQHandler                          0x002001f7   Thumb Code     0  startup_stm32f746xx.o(.text)
    TAMP_STAMP_IRQHandler                    0x002001f7   Thumb Code     0  startup_stm32f746xx.o(.text)
    TIM1_BRK_TIM9_IRQHandler                 0x002001f7   Thumb Code     0  startup_stm32f746xx.o(.text)
    TIM1_CC_IRQHandler                       0x002001f7   Thumb Code     0  startup_stm32f746xx.o(.text)
    TIM1_TRG_COM_TIM11_IRQHandler            0x002001f7   Thumb Code     0  startup_stm32f746xx.o(.text)
    TIM1_UP_TIM10_IRQHandler                 0x002001f7   Thumb Code     0  startup_stm32f746xx.o(.text)
    TIM2_IRQHandler                          0x002001f7   Thumb Code     0  startup_stm32f746xx.o(.text)
    TIM3_IRQHandler                          0x002001f7   Thumb Code     0  startup_stm32f746xx.o(.text)
    TIM4_IRQHandler                          0x002001f7   Thumb Code     0  startup_stm32f746xx.o(.text)
    TIM5_IRQHandler                          0x002001f7   Thumb Code     0  startup_stm32f746xx.o(.text)
    TIM6_DAC_IRQHandler                      0x002001f7   Thumb Code     0  startup_stm32f746xx.o(.text)
    TIM7_IRQHandler                          0x002001f7   Thumb Code     0  startup_stm32f746xx.o(.text)
    TIM8_BRK_TIM12_IRQHandler                0x002001f7   Thumb Code     0  startup_stm32f746xx.o(.text)
    TIM8_CC_IRQHandler                       0x002001f7   Thumb Code     0  startup_stm32f746xx.o(.text)
    TIM8_TRG_COM_TIM14_IRQHandler            0x002001f7   Thumb Code     0  startup_stm32f746xx.o(.text)
    TIM8_UP_TIM13_IRQHandler                 0x002001f7   Thumb Code     0  startup_stm32f746xx.o(.text)
    UART4_IRQHandler                         0x002001f7   Thumb Code     0  startup_stm32f746xx.o(.text)
    UART5_IRQHandler                         0x002001f7   Thumb Code     0  startup_stm32f746xx.o(.text)
    UART7_IRQHandler                         0x002001f7   Thumb Code     0  startup_stm32f746xx.o(.text)
    UART8_IRQHandler                         0x002001f7   Thumb Code     0  startup_stm32f746xx.o(.text)
    USART1_IRQHandler                        0x002001f7   Thumb Code     0  startup_stm32f746xx.o(.text)
    USART2_IRQHandler                        0x002001f7   Thumb Code     0  startup_stm32f746xx.o(.text)
    USART3_IRQHandler                        0x002001f7   Thumb Code     0  startup_stm32f746xx.o(.text)
    USART6_IRQHandler                        0x002001f7   Thumb Code     0  startup_stm32f746xx.o(.text)
    WWDG_IRQHandler                          0x002001f7   Thumb Code     0  startup_stm32f746xx.o(.text)
    __aeabi_uldivmod                         0x00200201   Thumb Code    98  uldiv.o(.text)
    __aeabi_memcpy                           0x00200263   Thumb Code    36  memcpya.o(.text)
    __aeabi_memcpy4                          0x00200263   Thumb Code     0  memcpya.o(.text)
    __aeabi_memcpy8                          0x00200263   Thumb Code     0  memcpya.o(.text)
    __aeabi_llsl                             0x00200287   Thumb Code    30  llshl.o(.text)
    _ll_shift_l                              0x00200287   Thumb Code     0  llshl.o(.text)
    __aeabi_llsr                             0x002002a5   Thumb Code    32  llushr.o(.text)
    _ll_ushift_r                             0x002002a5   Thumb Code     0  llushr.o(.text)
    __scatterload                            0x002002c5   Thumb Code    28  init.o(.text)
    __scatterload_rt2                        0x002002c5   Thumb Code     0  init.o(.text)
    BSP_LCD_Clear                            0x002002e9   Thumb Code    48  stm32746g_discovery_lcd.o(i.BSP_LCD_Clear)
    BSP_LCD_ClockConfig                      0x00200321   Thumb Code    26  stm32746g_discovery_lcd.o(i.BSP_LCD_ClockConfig)
    BSP_LCD_DisplayChar                      0x00200341   Thumb Code    44  stm32746g_discovery_lcd.o(i.BSP_LCD_DisplayChar)
    BSP_LCD_DisplayOn                        0x00200375   Thumb Code    38  stm32746g_discovery_lcd.o(i.BSP_LCD_DisplayOn)
    BSP_LCD_DisplayStringAt                  0x002003a9   Thumb Code   192  stm32746g_discovery_lcd.o(i.BSP_LCD_DisplayStringAt)
    BSP_LCD_DisplayStringAtLine              0x00200471   Thumb Code    28  stm32746g_discovery_lcd.o(i.BSP_LCD_DisplayStringAtLine)
    BSP_LCD_DrawHLine                        0x0020048d   Thumb Code   116  stm32746g_discovery_lcd.o(i.BSP_LCD_DrawHLine)
    BSP_LCD_DrawPixel                        0x00200509   Thumb Code    90  stm32746g_discovery_lcd.o(i.BSP_LCD_DrawPixel)
    BSP_LCD_DrawRect                         0x0020056d   Thumb Code    54  stm32746g_discovery_lcd.o(i.BSP_LCD_DrawRect)
    BSP_LCD_DrawVLine                        0x002005a5   Thumb Code   128  stm32746g_discovery_lcd.o(i.BSP_LCD_DrawVLine)
    BSP_LCD_GetFont                          0x0020062d   Thumb Code    18  stm32746g_discovery_lcd.o(i.BSP_LCD_GetFont)
    BSP_LCD_GetXSize                         0x00200649   Thumb Code    22  stm32746g_discovery_lcd.o(i.BSP_LCD_GetXSize)
    BSP_LCD_GetYSize                         0x00200669   Thumb Code    22  stm32746g_discovery_lcd.o(i.BSP_LCD_GetYSize)
    BSP_LCD_Init                             0x00200689   Thumb Code   142  stm32746g_discovery_lcd.o(i.BSP_LCD_Init)
    BSP_LCD_LayerDefaultInit                 0x0020072d   Thumb Code   112  stm32746g_discovery_lcd.o(i.BSP_LCD_LayerDefaultInit)
    BSP_LCD_MspInit                          0x002007a5   Thumb Code   286  stm32746g_discovery_lcd.o(i.BSP_LCD_MspInit)
    BSP_LCD_SelectLayer                      0x002008dd   Thumb Code     6  stm32746g_discovery_lcd.o(i.BSP_LCD_SelectLayer)
    BSP_LCD_SetFont                          0x002008e9   Thumb Code    18  stm32746g_discovery_lcd.o(i.BSP_LCD_SetFont)
    BSP_LCD_SetTextColor                     0x00200905   Thumb Code    16  stm32746g_discovery_lcd.o(i.BSP_LCD_SetTextColor)
    BSP_SDRAM_Init                           0x0020091d   Thumb Code   108  stm32746g_discovery_sdram.o(i.BSP_SDRAM_Init)
    BSP_SDRAM_Initialization_sequence        0x00200995   Thumb Code   134  stm32746g_discovery_sdram.o(i.BSP_SDRAM_Initialization_sequence)
    BSP_SDRAM_MspInit                        0x00200a21   Thumb Code   322  stm32746g_discovery_sdram.o(i.BSP_SDRAM_MspInit)
    BSP_TS_GetState                          0x00200b89   Thumb Code   360  stm32746g_discovery_ts.o(i.BSP_TS_GetState)
    BSP_TS_Get_GestureId                     0x00200cf9   Thumb Code    88  stm32746g_discovery_ts.o(i.BSP_TS_Get_GestureId)
    BSP_TS_Init                              0x00200d55   Thumb Code    50  stm32746g_discovery_ts.o(i.BSP_TS_Init)
    BusFault_Handler                         0x00200d91   Thumb Code     2  stm32f7xx_it.o(i.BusFault_Handler)
    DebugMon_Handler                         0x00200f2d   Thumb Code     2  stm32f7xx_it.o(i.DebugMon_Handler)
    FMC_SDRAM_Init                           0x00200fe1   Thumb Code    94  stm32f7xx_ll_fmc.o(i.FMC_SDRAM_Init)
    FMC_SDRAM_ProgramRefreshRate             0x0020103f   Thumb Code    12  stm32f7xx_ll_fmc.o(i.FMC_SDRAM_ProgramRefreshRate)
    FMC_SDRAM_SendCommand                    0x0020104b   Thumb Code    32  stm32f7xx_ll_fmc.o(i.FMC_SDRAM_SendCommand)
    FMC_SDRAM_Timing_Init                    0x0020106d   Thumb Code   134  stm32f7xx_ll_fmc.o(i.FMC_SDRAM_Timing_Init)
    HAL_DMA2D_ConfigLayer                    0x002010f9   Thumb Code   156  stm32f7xx_hal_dma2d.o(i.HAL_DMA2D_ConfigLayer)
    HAL_DMA2D_Init                           0x00201199   Thumb Code    90  stm32f7xx_hal_dma2d.o(i.HAL_DMA2D_Init)
    HAL_DMA2D_MspInit                        0x002011f3   Thumb Code     2  stm32f7xx_hal_dma2d.o(i.HAL_DMA2D_MspInit)
    HAL_DMA2D_PollForTransfer                0x002011f5   Thumb Code   270  stm32f7xx_hal_dma2d.o(i.HAL_DMA2D_PollForTransfer)
    HAL_DMA2D_Start                          0x00201303   Thumb Code    52  stm32f7xx_hal_dma2d.o(i.HAL_DMA2D_Start)
    HAL_DMA_DeInit                           0x00201337   Thumb Code    98  stm32f7xx_hal_dma.o(i.HAL_DMA_DeInit)
    HAL_DMA_Init                             0x00201399   Thumb Code   222  stm32f7xx_hal_dma.o(i.HAL_DMA_Init)
    HAL_Delay                                0x0020147d   Thumb Code    32  stm32f7xx_hal.o(i.HAL_Delay)
    HAL_GPIO_Init                            0x002014a1   Thumb Code   420  stm32f7xx_hal_gpio.o(i.HAL_GPIO_Init)
    HAL_GPIO_WritePin                        0x00201679   Thumb Code    10  stm32f7xx_hal_gpio.o(i.HAL_GPIO_WritePin)
    HAL_GetTick                              0x00201685   Thumb Code     6  stm32f7xx_hal.o(i.HAL_GetTick)
    HAL_I2C_DeInit                           0x00201691   Thumb Code    52  stm32f7xx_hal_i2c.o(i.HAL_I2C_DeInit)
    HAL_I2C_GetState                         0x002016c5   Thumb Code     6  stm32f7xx_hal_i2c.o(i.HAL_I2C_GetState)
    HAL_I2C_Init                             0x002016cd   Thumb Code   180  stm32f7xx_hal_i2c.o(i.HAL_I2C_Init)
    HAL_I2C_Mem_Read                         0x00201785   Thumb Code   346  stm32f7xx_hal_i2c.o(i.HAL_I2C_Mem_Read)
    HAL_I2C_Mem_Write                        0x002018e9   Thumb Code   340  stm32f7xx_hal_i2c.o(i.HAL_I2C_Mem_Write)
    HAL_I2C_MspDeInit                        0x00201a41   Thumb Code     2  stm32f7xx_hal_i2c.o(i.HAL_I2C_MspDeInit)
    HAL_I2C_MspInit                          0x00201a43   Thumb Code     2  stm32f7xx_hal_i2c.o(i.HAL_I2C_MspInit)
    HAL_IncTick                              0x00201a45   Thumb Code    12  stm32f7xx_hal.o(i.HAL_IncTick)
    HAL_Init                                 0x00201a55   Thumb Code    32  stm32f7xx_hal.o(i.HAL_Init)
    HAL_InitTick                             0x00201a79   Thumb Code    54  stm32f7xx_hal.o(i.HAL_InitTick)
    HAL_LTDC_ConfigLayer                     0x00201ab9   Thumb Code    82  stm32f7xx_hal_ltdc.o(i.HAL_LTDC_ConfigLayer)
    HAL_LTDC_GetState                        0x00201b0b   Thumb Code     6  stm32f7xx_hal_ltdc.o(i.HAL_LTDC_GetState)
    HAL_LTDC_Init                            0x00201b11   Thumb Code   242  stm32f7xx_hal_ltdc.o(i.HAL_LTDC_Init)
    HAL_LTDC_MspInit                         0x00201c09   Thumb Code     2  stm32f7xx_hal_ltdc.o(i.HAL_LTDC_MspInit)
    HAL_MspInit                              0x00201c0b   Thumb Code     2  stm32f7xx_hal_msp.o(i.HAL_MspInit)
    HAL_NVIC_EnableIRQ                       0x00201c0d   Thumb Code    26  stm32f7xx_hal_cortex.o(i.HAL_NVIC_EnableIRQ)
    HAL_NVIC_SetPriority                     0x00201c29   Thumb Code    60  stm32f7xx_hal_cortex.o(i.HAL_NVIC_SetPriority)
    HAL_NVIC_SetPriorityGrouping             0x00201c69   Thumb Code    28  stm32f7xx_hal_cortex.o(i.HAL_NVIC_SetPriorityGrouping)
    HAL_PWREx_EnableOverDrive                0x00201c8d   Thumb Code   100  stm32f7xx_hal_pwr_ex.o(i.HAL_PWREx_EnableOverDrive)
    HAL_RCCEx_PeriphCLKConfig                0x00201cf9   Thumb Code  1276  stm32f7xx_hal_rcc_ex.o(i.HAL_RCCEx_PeriphCLKConfig)
    HAL_RCC_ClockConfig                      0x002021f5   Thumb Code   284  stm32f7xx_hal_rcc.o(i.HAL_RCC_ClockConfig)
    HAL_RCC_GetSysClockFreq                  0x00202325   Thumb Code    88  stm32f7xx_hal_rcc.o(i.HAL_RCC_GetSysClockFreq)
    HAL_RCC_OscConfig                        0x00202389   Thumb Code   888  stm32f7xx_hal_rcc.o(i.HAL_RCC_OscConfig)
    HAL_RNG_GenerateRandomNumber             0x0020270d   Thumb Code   116  stm32f7xx_hal_rng.o(i.HAL_RNG_GenerateRandomNumber)
    HAL_RNG_GetRandomNumber                  0x00202781   Thumb Code    22  stm32f7xx_hal_rng.o(i.HAL_RNG_GetRandomNumber)
    HAL_RNG_Init                             0x00202797   Thumb Code    50  stm32f7xx_hal_rng.o(i.HAL_RNG_Init)
    HAL_RNG_MspInit                          0x002027c9   Thumb Code    22  main.o(i.HAL_RNG_MspInit)
    HAL_SDRAM_Init                           0x002027e5   Thumb Code    66  stm32f7xx_hal_sdram.o(i.HAL_SDRAM_Init)
    HAL_SDRAM_MspInit                        0x00202827   Thumb Code     2  stm32f7xx_hal_sdram.o(i.HAL_SDRAM_MspInit)
    HAL_SDRAM_ProgramRefreshRate             0x00202829   Thumb Code    34  stm32f7xx_hal_sdram.o(i.HAL_SDRAM_ProgramRefreshRate)
    HAL_SDRAM_SendCommand                    0x0020284d   Thumb Code    48  stm32f7xx_hal_sdram.o(i.HAL_SDRAM_SendCommand)
    HAL_SYSTICK_Config                       0x0020287d   Thumb Code    38  stm32f7xx_hal_cortex.o(i.HAL_SYSTICK_Config)
    HardFault_Handler                        0x002028a3   Thumb Code     2  stm32f7xx_it.o(i.HardFault_Handler)
    MemManage_Handler                        0x00202f69   Thumb Code     2  stm32f7xx_it.o(i.MemManage_Handler)
    NMI_Handler                              0x00202f6b   Thumb Code     2  stm32f7xx_it.o(i.NMI_Handler)
    PendSV_Handler                           0x00202f6d   Thumb Code     2  stm32f7xx_it.o(i.PendSV_Handler)
    RNG_Get_RandomNum                        0x00202f71   Thumb Code     6  main.o(i.RNG_Get_RandomNum)
    RNG_Init                                 0x00202f7d   Thumb Code    58  main.o(i.RNG_Init)
    SVC_Handler                              0x00202fc1   Thumb Code     2  stm32f7xx_it.o(i.SVC_Handler)
    SysTick_Handler                          0x00202fc3   Thumb Code     4  stm32f7xx_it.o(i.SysTick_Handler)
    SystemCoreClockUpdate                    0x00203029   Thumb Code   110  system_stm32f7xx.o(i.SystemCoreClockUpdate)
    SystemInit                               0x002030ad   Thumb Code    68  system_stm32f7xx.o(i.SystemInit)
    TS_IO_Delay                              0x00203101   Thumb Code     4  stm32746g_discovery.o(i.TS_IO_Delay)
    TS_IO_Init                               0x00203105   Thumb Code     6  stm32746g_discovery.o(i.TS_IO_Init)
    TS_IO_Read                               0x00203111   Thumb Code    34  stm32746g_discovery.o(i.TS_IO_Read)
    TS_IO_Write                              0x00203139   Thumb Code    26  stm32746g_discovery.o(i.TS_IO_Write)
    Touch_GetState                           0x00203159   Thumb Code    54  touch_746g_discovery.o(i.Touch_GetState)
    Touch_Initialize                         0x0020318f   Thumb Code    24  touch_746g_discovery.o(i.Touch_Initialize)
    UsageFault_Handler                       0x002031a7   Thumb Code     2  stm32f7xx_it.o(i.UsageFault_Handler)
    __scatterload_copy                       0x002031cb   Thumb Code    14  handlers.o(i.__scatterload_copy)
    __scatterload_null                       0x002031d9   Thumb Code     2  handlers.o(i.__scatterload_null)
    __scatterload_zeroinit                   0x002031db   Thumb Code    14  handlers.o(i.__scatterload_zeroinit)
    decide_bomb_number                       0x002031e9   Thumb Code   314  main.o(i.decide_bomb_number)
    display_bomb_number                      0x00203329   Thumb Code   170  main.o(i.display_bomb_number)
    draw                                     0x002033f5   Thumb Code   250  main.o(i.draw)
    ft5336_Init                              0x00203511   Thumb Code    16  ft5336.o(i.ft5336_Init)
    ft5336_ReadID                            0x00203521   Thumb Code    58  ft5336.o(i.ft5336_ReadID)
    ft5336_Reset                             0x0020355b   Thumb Code     2  ft5336.o(i.ft5336_Reset)
    ft5336_TS_ClearIT                        0x0020355d   Thumb Code     2  ft5336.o(i.ft5336_TS_ClearIT)
    ft5336_TS_DetectTouch                    0x00203561   Thumb Code    60  ft5336.o(i.ft5336_TS_DetectTouch)
    ft5336_TS_DisableIT                      0x002035a1   Thumb Code    10  ft5336.o(i.ft5336_TS_DisableIT)
    ft5336_TS_EnableIT                       0x002035ab   Thumb Code    10  ft5336.o(i.ft5336_TS_EnableIT)
    ft5336_TS_GetGestureID                   0x002035b5   Thumb Code    30  ft5336.o(i.ft5336_TS_GetGestureID)
    ft5336_TS_GetTouchInfo                   0x002035d5   Thumb Code   200  ft5336.o(i.ft5336_TS_GetTouchInfo)
    ft5336_TS_GetXY                          0x002036a1   Thumb Code   282  ft5336.o(i.ft5336_TS_GetXY)
    ft5336_TS_ITStatus                       0x002037c1   Thumb Code     4  ft5336.o(i.ft5336_TS_ITStatus)
    ft5336_TS_Start                          0x002037c5   Thumb Code     4  ft5336.o(i.ft5336_TS_Start)
    get_touch_position                       0x002037c9   Thumb Code    68  main.o(i.get_touch_position)
    init_bombs_map                           0x00203811   Thumb Code   154  main.o(i.init_bombs_map)
    main                                     0x002038b5   Thumb Code   436  main.o(i.main)
    step_on                                  0x00203a95   Thumb Code   132  main.o(i.step_on)
    win_judge                                0x00203b1d   Thumb Code    72  main.o(i.win_judge)
    Font24_Table                             0x00203b6c   Data        6840  stm32746g_discovery_lcd.o(.constdata)
    AHBPrescTable                            0x0020562c   Data          16  system_stm32f7xx.o(.constdata)
    Region$$Table$$Base                      0x0020563c   Number         0  anon$$obj.o(Region$$Table)
    Region$$Table$$Limit                     0x0020565c   Number         0  anon$$obj.o(Region$$Table)
    W                                        0x20000000   Data           4  main.o(.data)
    H                                        0x20000004   Data           4  main.o(.data)
    bomb                                     0x20000008   Data           4  main.o(.data)
    touch_x                                  0x2000000c   Data           4  main.o(.data)
    touch_y                                  0x20000010   Data           4  main.o(.data)
    ft5336_ts_drv                            0x20000020   Data          40  ft5336.o(.data)
    Font24                                   0x20000054   Data           8  stm32746g_discovery_lcd.o(.data)
    uwTickFreq                               0x2000006c   Data           1  stm32f7xx_hal.o(.data)
    uwTickPrio                               0x20000070   Data           4  stm32f7xx_hal.o(.data)
    uwTick                                   0x20000074   Data           4  stm32f7xx_hal.o(.data)
    SystemCoreClock                          0x20000078   Data           4  system_stm32f7xx.o(.data)
    d                                        0x2000007c   Data         680  main.o(.bss)
    mark                                     0x20000324   Data         680  main.o(.bss)
    RNG_Handler                              0x200005cc   Data          16  main.o(.bss)
    hLtdcHandler                             0x200006f8   Data         168  stm32746g_discovery_lcd.o(.bss)
    sdramHandle                              0x200008b8   Data          52  stm32746g_discovery_sdram.o(.bss)
    __initial_sp                             0x20001940   Data           0  startup_stm32f746xx.o(STACK)



==============================================================================

Memory Map of the image

  Image Entry point : 0x002001c9

  Load Region LR_IROM1 (Base: 0x00200000, Size: 0x000056d8, Max: 0x00100000, ABSOLUTE)

    Execution Region ER_IROM1 (Exec base: 0x00200000, Load base: 0x00200000, Size: 0x0000565c, Max: 0x00100000, ABSOLUTE)

    Exec Addr    Load Addr    Size         Type   Attr      Idx    E Section Name        Object

    0x00200000   0x00200000   0x000001c8   Data   RO         4060    RESET               startup_stm32f746xx.o
    0x002001c8   0x002001c8   0x00000000   Code   RO         4103  * .ARM.Collect$$$$00000000  mc_w.l(entry.o)
    0x002001c8   0x002001c8   0x00000004   Code   RO         4112    .ARM.Collect$$$$00000001  mc_w.l(entry2.o)
    0x002001cc   0x002001cc   0x00000004   Code   RO         4115    .ARM.Collect$$$$00000004  mc_w.l(entry5.o)
    0x002001d0   0x002001d0   0x00000000   Code   RO         4117    .ARM.Collect$$$$00000008  mc_w.l(entry7b.o)
    0x002001d0   0x002001d0   0x00000000   Code   RO         4119    .ARM.Collect$$$$0000000A  mc_w.l(entry8b.o)
    0x002001d0   0x002001d0   0x00000008   Code   RO         4120    .ARM.Collect$$$$0000000B  mc_w.l(entry9a.o)
    0x002001d8   0x002001d8   0x00000000   Code   RO         4122    .ARM.Collect$$$$0000000D  mc_w.l(entry10a.o)
    0x002001d8   0x002001d8   0x00000000   Code   RO         4124    .ARM.Collect$$$$0000000F  mc_w.l(entry11a.o)
    0x002001d8   0x002001d8   0x00000004   Code   RO         4113    .ARM.Collect$$$$00002712  mc_w.l(entry2.o)
    0x002001dc   0x002001dc   0x00000024   Code   RO         4061    .text               startup_stm32f746xx.o
    0x00200200   0x00200200   0x00000062   Code   RO         4106    .text               mc_w.l(uldiv.o)
    0x00200262   0x00200262   0x00000024   Code   RO         4108    .text               mc_w.l(memcpya.o)
    0x00200286   0x00200286   0x0000001e   Code   RO         4126    .text               mc_w.l(llshl.o)
    0x002002a4   0x002002a4   0x00000020   Code   RO         4128    .text               mc_w.l(llushr.o)
    0x002002c4   0x002002c4   0x00000024   Code   RO         4130    .text               mc_w.l(init.o)
    0x002002e8   0x002002e8   0x00000038   Code   RO          799    i.BSP_LCD_Clear     stm32746g_discovery_lcd.o
    0x00200320   0x00200320   0x00000020   Code   RO          801    i.BSP_LCD_ClockConfig  stm32746g_discovery_lcd.o
    0x00200340   0x00200340   0x00000034   Code   RO          803    i.BSP_LCD_DisplayChar  stm32746g_discovery_lcd.o
    0x00200374   0x00200374   0x00000034   Code   RO          805    i.BSP_LCD_DisplayOn  stm32746g_discovery_lcd.o
    0x002003a8   0x002003a8   0x000000c8   Code   RO          806    i.BSP_LCD_DisplayStringAt  stm32746g_discovery_lcd.o
    0x00200470   0x00200470   0x0000001c   Code   RO          807    i.BSP_LCD_DisplayStringAtLine  stm32746g_discovery_lcd.o
    0x0020048c   0x0020048c   0x0000007c   Code   RO          811    i.BSP_LCD_DrawHLine  stm32746g_discovery_lcd.o
    0x00200508   0x00200508   0x00000064   Code   RO          813    i.BSP_LCD_DrawPixel  stm32746g_discovery_lcd.o
    0x0020056c   0x0020056c   0x00000036   Code   RO          815    i.BSP_LCD_DrawRect  stm32746g_discovery_lcd.o
    0x002005a2   0x002005a2   0x00000002   PAD
    0x002005a4   0x002005a4   0x00000088   Code   RO          816    i.BSP_LCD_DrawVLine  stm32746g_discovery_lcd.o
    0x0020062c   0x0020062c   0x0000001c   Code   RO          822    i.BSP_LCD_GetFont   stm32746g_discovery_lcd.o
    0x00200648   0x00200648   0x00000020   Code   RO          824    i.BSP_LCD_GetXSize  stm32746g_discovery_lcd.o
    0x00200668   0x00200668   0x00000020   Code   RO          825    i.BSP_LCD_GetYSize  stm32746g_discovery_lcd.o
    0x00200688   0x00200688   0x000000a4   Code   RO          826    i.BSP_LCD_Init      stm32746g_discovery_lcd.o
    0x0020072c   0x0020072c   0x00000078   Code   RO          827    i.BSP_LCD_LayerDefaultInit  stm32746g_discovery_lcd.o
    0x002007a4   0x002007a4   0x00000138   Code   RO          830    i.BSP_LCD_MspInit   stm32746g_discovery_lcd.o
    0x002008dc   0x002008dc   0x0000000c   Code   RO          835    i.BSP_LCD_SelectLayer  stm32746g_discovery_lcd.o
    0x002008e8   0x002008e8   0x0000001c   Code   RO          839    i.BSP_LCD_SetFont   stm32746g_discovery_lcd.o
    0x00200904   0x00200904   0x00000018   Code   RO          846    i.BSP_LCD_SetTextColor  stm32746g_discovery_lcd.o
    0x0020091c   0x0020091c   0x00000078   Code   RO         1180    i.BSP_SDRAM_Init    stm32746g_discovery_sdram.o
    0x00200994   0x00200994   0x0000008c   Code   RO         1181    i.BSP_SDRAM_Initialization_sequence  stm32746g_discovery_sdram.o
    0x00200a20   0x00200a20   0x00000168   Code   RO         1183    i.BSP_SDRAM_MspInit  stm32746g_discovery_sdram.o
    0x00200b88   0x00200b88   0x00000170   Code   RO         1262    i.BSP_TS_GetState   stm32746g_discovery_ts.o
    0x00200cf8   0x00200cf8   0x0000005c   Code   RO         1263    i.BSP_TS_Get_GestureId  stm32746g_discovery_ts.o
    0x00200d54   0x00200d54   0x0000003c   Code   RO         1267    i.BSP_TS_Init       stm32746g_discovery_ts.o
    0x00200d90   0x00200d90   0x00000002   Code   RO            4    i.BusFault_Handler  stm32f7xx_it.o
    0x00200d92   0x00200d92   0x00000002   PAD
    0x00200d94   0x00200d94   0x00000088   Code   RO          379    i.CPU_CACHE_Enable  main.o
    0x00200e1c   0x00200e1c   0x00000092   Code   RO         1805    i.DMA2D_SetConfig   stm32f7xx_hal_dma2d.o
    0x00200eae   0x00200eae   0x00000002   PAD
    0x00200eb0   0x00200eb0   0x00000028   Code   RO         1699    i.DMA_CalcBaseAndBitshift  stm32f7xx_hal_dma.o
    0x00200ed8   0x00200ed8   0x00000054   Code   RO         1700    i.DMA_CheckFifoParam  stm32f7xx_hal_dma.o
    0x00200f2c   0x00200f2c   0x00000002   Code   RO            5    i.DebugMon_Handler  stm32f7xx_it.o
    0x00200f2e   0x00200f2e   0x00000002   PAD
    0x00200f30   0x00200f30   0x000000b0   Code   RO          851    i.DrawChar          stm32746g_discovery_lcd.o
    0x00200fe0   0x00200fe0   0x0000005e   Code   RO         3926    i.FMC_SDRAM_Init    stm32f7xx_ll_fmc.o
    0x0020103e   0x0020103e   0x0000000c   Code   RO         3927    i.FMC_SDRAM_ProgramRefreshRate  stm32f7xx_ll_fmc.o
    0x0020104a   0x0020104a   0x00000020   Code   RO         3928    i.FMC_SDRAM_SendCommand  stm32f7xx_ll_fmc.o
    0x0020106a   0x0020106a   0x00000002   PAD
    0x0020106c   0x0020106c   0x0000008c   Code   RO         3930    i.FMC_SDRAM_Timing_Init  stm32f7xx_ll_fmc.o
    0x002010f8   0x002010f8   0x000000a0   Code   RO         1817    i.HAL_DMA2D_ConfigLayer  stm32f7xx_hal_dma2d.o
    0x00201198   0x00201198   0x0000005a   Code   RO         1825    i.HAL_DMA2D_Init    stm32f7xx_hal_dma2d.o
    0x002011f2   0x002011f2   0x00000002   Code   RO         1828    i.HAL_DMA2D_MspInit  stm32f7xx_hal_dma2d.o
    0x002011f4   0x002011f4   0x0000010e   Code   RO         1829    i.HAL_DMA2D_PollForTransfer  stm32f7xx_hal_dma2d.o
    0x00201302   0x00201302   0x00000034   Code   RO         1832    i.HAL_DMA2D_Start   stm32f7xx_hal_dma2d.o
    0x00201336   0x00201336   0x00000062   Code   RO         1704    i.HAL_DMA_DeInit    stm32f7xx_hal_dma.o
    0x00201398   0x00201398   0x000000e4   Code   RO         1708    i.HAL_DMA_Init      stm32f7xx_hal_dma.o
    0x0020147c   0x0020147c   0x00000024   Code   RO         1373    i.HAL_Delay         stm32f7xx_hal.o
    0x002014a0   0x002014a0   0x000001d8   Code   RO         2046    i.HAL_GPIO_Init     stm32f7xx_hal_gpio.o
    0x00201678   0x00201678   0x0000000a   Code   RO         2050    i.HAL_GPIO_WritePin  stm32f7xx_hal_gpio.o
    0x00201682   0x00201682   0x00000002   PAD
    0x00201684   0x00201684   0x0000000c   Code   RO         1381    i.HAL_GetTick       stm32f7xx_hal.o
    0x00201690   0x00201690   0x00000034   Code   RO         2111    i.HAL_I2C_DeInit    stm32f7xx_hal_i2c.o
    0x002016c4   0x002016c4   0x00000006   Code   RO         2119    i.HAL_I2C_GetState  stm32f7xx_hal_i2c.o
    0x002016ca   0x002016ca   0x00000002   PAD
    0x002016cc   0x002016cc   0x000000b8   Code   RO         2120    i.HAL_I2C_Init      stm32f7xx_hal_i2c.o
    0x00201784   0x00201784   0x00000164   Code   RO         2138    i.HAL_I2C_Mem_Read  stm32f7xx_hal_i2c.o
    0x002018e8   0x002018e8   0x00000158   Code   RO         2141    i.HAL_I2C_Mem_Write  stm32f7xx_hal_i2c.o
    0x00201a40   0x00201a40   0x00000002   Code   RO         2144    i.HAL_I2C_MspDeInit  stm32f7xx_hal_i2c.o
    0x00201a42   0x00201a42   0x00000002   Code   RO         2145    i.HAL_I2C_MspInit   stm32f7xx_hal_i2c.o
    0x00201a44   0x00201a44   0x00000010   Code   RO         1387    i.HAL_IncTick       stm32f7xx_hal.o
    0x00201a54   0x00201a54   0x00000024   Code   RO         1388    i.HAL_Init          stm32f7xx_hal.o
    0x00201a78   0x00201a78   0x00000040   Code   RO         1389    i.HAL_InitTick      stm32f7xx_hal.o
    0x00201ab8   0x00201ab8   0x00000052   Code   RO         2599    i.HAL_LTDC_ConfigLayer  stm32f7xx_hal_ltdc.o
    0x00201b0a   0x00201b0a   0x00000006   Code   RO         2614    i.HAL_LTDC_GetState  stm32f7xx_hal_ltdc.o
    0x00201b10   0x00201b10   0x000000f8   Code   RO         2616    i.HAL_LTDC_Init     stm32f7xx_hal_ltdc.o
    0x00201c08   0x00201c08   0x00000002   Code   RO         2619    i.HAL_LTDC_MspInit  stm32f7xx_hal_ltdc.o
    0x00201c0a   0x00201c0a   0x00000002   Code   RO          350    i.HAL_MspInit       stm32f7xx_hal_msp.o
    0x00201c0c   0x00201c0c   0x0000001a   Code   RO         1569    i.HAL_NVIC_EnableIRQ  stm32f7xx_hal_cortex.o
    0x00201c26   0x00201c26   0x00000002   PAD
    0x00201c28   0x00201c28   0x00000040   Code   RO         1575    i.HAL_NVIC_SetPriority  stm32f7xx_hal_cortex.o
    0x00201c68   0x00201c68   0x00000024   Code   RO         1576    i.HAL_NVIC_SetPriorityGrouping  stm32f7xx_hal_cortex.o
    0x00201c8c   0x00201c8c   0x0000006c   Code   RO         3001    i.HAL_PWREx_EnableOverDrive  stm32f7xx_hal_pwr_ex.o
    0x00201cf8   0x00201cf8   0x000004fc   Code   RO         3195    i.HAL_RCCEx_PeriphCLKConfig  stm32f7xx_hal_rcc_ex.o
    0x002021f4   0x002021f4   0x00000130   Code   RO         3088    i.HAL_RCC_ClockConfig  stm32f7xx_hal_rcc.o
    0x00202324   0x00202324   0x00000064   Code   RO         3097    i.HAL_RCC_GetSysClockFreq  stm32f7xx_hal_rcc.o
    0x00202388   0x00202388   0x00000384   Code   RO         3100    i.HAL_RCC_OscConfig  stm32f7xx_hal_rcc.o
    0x0020270c   0x0020270c   0x00000074   Code   RO         3251    i.HAL_RNG_GenerateRandomNumber  stm32f7xx_hal_rng.o
    0x00202780   0x00202780   0x00000016   Code   RO         3254    i.HAL_RNG_GetRandomNumber  stm32f7xx_hal_rng.o
    0x00202796   0x00202796   0x00000032   Code   RO         3258    i.HAL_RNG_Init      stm32f7xx_hal_rng.o
    0x002027c8   0x002027c8   0x0000001c   Code   RO          380    i.HAL_RNG_MspInit   main.o
    0x002027e4   0x002027e4   0x00000042   Code   RO         3357    i.HAL_SDRAM_Init    stm32f7xx_hal_sdram.o
    0x00202826   0x00202826   0x00000002   Code   RO         3359    i.HAL_SDRAM_MspInit  stm32f7xx_hal_sdram.o
    0x00202828   0x00202828   0x00000022   Code   RO         3360    i.HAL_SDRAM_ProgramRefreshRate  stm32f7xx_hal_sdram.o
    0x0020284a   0x0020284a   0x00000002   PAD
    0x0020284c   0x0020284c   0x00000030   Code   RO         3366    i.HAL_SDRAM_SendCommand  stm32f7xx_hal_sdram.o
    0x0020287c   0x0020287c   0x00000026   Code   RO         1580    i.HAL_SYSTICK_Config  stm32f7xx_hal_cortex.o
    0x002028a2   0x002028a2   0x00000002   Code   RO            6    i.HardFault_Handler  stm32f7xx_it.o
    0x002028a4   0x002028a4   0x00000022   Code   RO         2167    i.I2C_Flush_TXDR    stm32f7xx_hal_i2c.o
    0x002028c6   0x002028c6   0x00000002   PAD
    0x002028c8   0x002028c8   0x00000088   Code   RO         2175    i.I2C_IsAcknowledgeFailed  stm32f7xx_hal_i2c.o
    0x00202950   0x00202950   0x00000064   Code   RO         2178    i.I2C_RequestMemoryRead  stm32f7xx_hal_i2c.o
    0x002029b4   0x002029b4   0x00000064   Code   RO         2179    i.I2C_RequestMemoryWrite  stm32f7xx_hal_i2c.o
    0x00202a18   0x00202a18   0x0000002c   Code   RO         2182    i.I2C_TransferConfig  stm32f7xx_hal_i2c.o
    0x00202a44   0x00202a44   0x0000005a   Code   RO         2183    i.I2C_WaitOnFlagUntilTimeout  stm32f7xx_hal_i2c.o
    0x00202a9e   0x00202a9e   0x0000004e   Code   RO         2185    i.I2C_WaitOnSTOPFlagUntilTimeout  stm32f7xx_hal_i2c.o
    0x00202aec   0x00202aec   0x00000052   Code   RO         2186    i.I2C_WaitOnTXISFlagUntilTimeout  stm32f7xx_hal_i2c.o
    0x00202b3e   0x00202b3e   0x00000012   Code   RO          607    i.I2Cx_Error        stm32746g_discovery.o
    0x00202b50   0x00202b50   0x00000050   Code   RO          608    i.I2Cx_Init         stm32746g_discovery.o
    0x00202ba0   0x00202ba0   0x00000124   Code   RO          609    i.I2Cx_MspInit      stm32746g_discovery.o
    0x00202cc4   0x00202cc4   0x0000002a   Code   RO          610    i.I2Cx_ReadMultiple  stm32746g_discovery.o
    0x00202cee   0x00202cee   0x0000002a   Code   RO          611    i.I2Cx_WriteMultiple  stm32746g_discovery.o
    0x00202d18   0x00202d18   0x00000080   Code   RO          854    i.LL_FillBuffer     stm32746g_discovery_lcd.o
    0x00202d98   0x00202d98   0x000001d0   Code   RO         2635    i.LTDC_SetConfig    stm32f7xx_hal_ltdc.o
    0x00202f68   0x00202f68   0x00000002   Code   RO            7    i.MemManage_Handler  stm32f7xx_it.o
    0x00202f6a   0x00202f6a   0x00000002   Code   RO            8    i.NMI_Handler       stm32f7xx_it.o
    0x00202f6c   0x00202f6c   0x00000002   Code   RO            9    i.PendSV_Handler    stm32f7xx_it.o
    0x00202f6e   0x00202f6e   0x00000002   PAD
    0x00202f70   0x00202f70   0x0000000c   Code   RO          381    i.RNG_Get_RandomNum  main.o
    0x00202f7c   0x00202f7c   0x00000044   Code   RO          382    i.RNG_Init          main.o
    0x00202fc0   0x00202fc0   0x00000002   Code   RO           10    i.SVC_Handler       stm32f7xx_it.o
    0x00202fc2   0x00202fc2   0x00000004   Code   RO           11    i.SysTick_Handler   stm32f7xx_it.o
    0x00202fc6   0x00202fc6   0x00000060   Code   RO          383    i.SystemClock_Config  main.o
    0x00203026   0x00203026   0x00000002   PAD
    0x00203028   0x00203028   0x00000084   Code   RO         4068    i.SystemCoreClockUpdate  system_stm32f7xx.o
    0x002030ac   0x002030ac   0x00000054   Code   RO         4069    i.SystemInit        system_stm32f7xx.o
    0x00203100   0x00203100   0x00000004   Code   RO          612    i.TS_IO_Delay       stm32746g_discovery.o
    0x00203104   0x00203104   0x0000000c   Code   RO          613    i.TS_IO_Init        stm32746g_discovery.o
    0x00203110   0x00203110   0x00000028   Code   RO          614    i.TS_IO_Read        stm32746g_discovery.o
    0x00203138   0x00203138   0x00000020   Code   RO          615    i.TS_IO_Write       stm32746g_discovery.o
    0x00203158   0x00203158   0x00000036   Code   RO         1330    i.Touch_GetState    touch_746g_discovery.o
    0x0020318e   0x0020318e   0x00000018   Code   RO         1331    i.Touch_Initialize  touch_746g_discovery.o
    0x002031a6   0x002031a6   0x00000002   Code   RO           12    i.UsageFault_Handler  stm32f7xx_it.o
    0x002031a8   0x002031a8   0x00000022   Code   RO         1582    i.__NVIC_SetPriority  stm32f7xx_hal_cortex.o
    0x002031ca   0x002031ca   0x0000000e   Code   RO         4134    i.__scatterload_copy  mc_w.l(handlers.o)
    0x002031d8   0x002031d8   0x00000002   Code   RO         4135    i.__scatterload_null  mc_w.l(handlers.o)
    0x002031da   0x002031da   0x0000000e   Code   RO         4136    i.__scatterload_zeroinit  mc_w.l(handlers.o)
    0x002031e8   0x002031e8   0x00000140   Code   RO          384    i.decide_bomb_number  main.o
    0x00203328   0x00203328   0x000000cc   Code   RO          385    i.display_bomb_number  main.o
    0x002033f4   0x002033f4   0x00000104   Code   RO          386    i.draw              main.o
    0x002034f8   0x002034f8   0x00000018   Code   RO          487    i.ft5336_I2C_InitializeIfRequired  ft5336.o
    0x00203510   0x00203510   0x00000010   Code   RO          488    i.ft5336_Init       ft5336.o
    0x00203520   0x00203520   0x0000003a   Code   RO          489    i.ft5336_ReadID     ft5336.o
    0x0020355a   0x0020355a   0x00000002   Code   RO          490    i.ft5336_Reset      ft5336.o
    0x0020355c   0x0020355c   0x00000002   Code   RO          491    i.ft5336_TS_ClearIT  ft5336.o
    0x0020355e   0x0020355e   0x00000002   PAD
    0x00203560   0x00203560   0x00000040   Code   RO          492    i.ft5336_TS_DetectTouch  ft5336.o
    0x002035a0   0x002035a0   0x0000000a   Code   RO          493    i.ft5336_TS_DisableIT  ft5336.o
    0x002035aa   0x002035aa   0x0000000a   Code   RO          494    i.ft5336_TS_EnableIT  ft5336.o
    0x002035b4   0x002035b4   0x0000001e   Code   RO          495    i.ft5336_TS_GetGestureID  ft5336.o
    0x002035d2   0x002035d2   0x00000002   PAD
    0x002035d4   0x002035d4   0x000000cc   Code   RO          496    i.ft5336_TS_GetTouchInfo  ft5336.o
    0x002036a0   0x002036a0   0x00000120   Code   RO          497    i.ft5336_TS_GetXY   ft5336.o
    0x002037c0   0x002037c0   0x00000004   Code   RO          498    i.ft5336_TS_ITStatus  ft5336.o
    0x002037c4   0x002037c4   0x00000004   Code   RO          499    i.ft5336_TS_Start   ft5336.o
    0x002037c8   0x002037c8   0x00000048   Code   RO          387    i.get_touch_position  main.o
    0x00203810   0x00203810   0x000000a4   Code   RO          388    i.init_bombs_map    main.o
    0x002038b4   0x002038b4   0x000001e0   Code   RO          389    i.main              main.o
    0x00203a94   0x00203a94   0x00000088   Code   RO          390    i.step_on           main.o
    0x00203b1c   0x00203b1c   0x00000050   Code   RO          391    i.win_judge         main.o
    0x00203b6c   0x00203b6c   0x00001ab8   Data   RO          856    .constdata          stm32746g_discovery_lcd.o
    0x00205624   0x00205624   0x00000008   Data   RO         1714    .constdata          stm32f7xx_hal_dma.o
    0x0020562c   0x0020562c   0x00000010   Data   RO         4070    .constdata          system_stm32f7xx.o
    0x0020563c   0x0020563c   0x00000020   Data   RO         4132    Region$$Table       anon$$obj.o


    Execution Region RW_IRAM1 (Exec base: 0x20000000, Load base: 0x0020565c, Size: 0x00001940, Max: 0x00050000, ABSOLUTE)

    Exec Addr    Load Addr    Size         Type   Attr      Idx    E Section Name        Object

    0x20000000   0x0020565c   0x00000020   Data   RW          393    .data               main.o
    0x20000020   0x0020567c   0x00000028   Data   RW          500    .data               ft5336.o
    0x20000048   0x002056a4   0x00000005   Data   RW          501    .data               ft5336.o
    0x2000004d   0x002056a9   0x00000003   PAD
    0x20000050   0x002056ac   0x0000000c   Data   RW          861    .data               stm32746g_discovery_lcd.o
    0x2000005c   0x002056b8   0x00000002   Data   RW         1190    .data               stm32746g_discovery_sdram.o
    0x2000005e   0x002056ba   0x00000002   PAD
    0x20000060   0x002056bc   0x0000000c   Data   RW         1270    .data               stm32746g_discovery_ts.o
    0x2000006c   0x002056c8   0x0000000c   Data   RW         1395    .data               stm32f7xx_hal.o
    0x20000078   0x002056d4   0x00000004   Data   RW         4072    .data               system_stm32f7xx.o
    0x2000007c        -       0x00000560   Zero   RW          392    .bss                main.o
    0x200005dc        -       0x00000098   Zero   RW          616    .bss                stm32746g_discovery.o
    0x20000674        -       0x00000184   Zero   RW          855    .bss                stm32746g_discovery_lcd.o
    0x200007f8        -       0x00000120   Zero   RW         1189    .bss                stm32746g_discovery_sdram.o
    0x20000918        -       0x00000028   Zero   RW         1269    .bss                stm32746g_discovery_ts.o
    0x20000940        -       0x00001000   Zero   RW         4058    STACK               startup_stm32f746xx.o


==============================================================================

Image component sizes


      Code (inc. data)   RO Data    RW Data    ZI Data      Debug   Object Name

       716         38          0         45          0      17235   ft5336.o
      2056        150          0         32       1376      11476   main.o
        36          8        456          0       4096        856   startup_stm32f746xx.o
       562         60          0          0        152       8568   stm32746g_discovery.o
      1890        200       6840         12        388      24451   stm32746g_discovery_lcd.o
       620         56          0          2        288       4924   stm32746g_discovery_sdram.o
       520         22          0         12         40       3927   stm32746g_discovery_ts.o
       164         28          0         12          0       9673   stm32f7xx_hal.o
       198         12          0          0          0      39255   stm32f7xx_hal_cortex.o
       450         12          8          0          0       4144   stm32f7xx_hal_dma.o
       720          4          0          0          0       6291   stm32f7xx_hal_dma2d.o
       482         52          0          0          0       2856   stm32f7xx_hal_gpio.o
      1610         38          0          0          0      15456   stm32f7xx_hal_i2c.o
       802          6          0          0          0       4738   stm32f7xx_hal_ltdc.o
         2          0          0          0          0        454   stm32f7xx_hal_msp.o
       108          8          0          0          0       1488   stm32f7xx_hal_pwr_ex.o
      1304         44          0          0          0       4370   stm32f7xx_hal_rcc.o
      1276         16          0          0          0       2500   stm32f7xx_hal_rcc_ex.o
       188          0          0          0          0       3088   stm32f7xx_hal_rng.o
       150          0          0          0          0       3720   stm32f7xx_hal_sdram.o
        20          0          0          0          0     831701   stm32f7xx_it.o
       278          6          0          0          0       3840   stm32f7xx_ll_fmc.o
       216         38         16          4          0       2147   system_stm32f7xx.o
        78          0          0          0          0       2208   touch_746g_discovery.o

    ----------------------------------------------------------------------
     14474        798       7352        124       6340    1009366   Object Totals
         0          0         32          0          0          0   (incl. Generated)
        28          0          0          5          0          0   (incl. Padding)

    ----------------------------------------------------------------------

      Code (inc. data)   RO Data    RW Data    ZI Data      Debug   Library Member Name

         0          0          0          0          0          0   entry.o
         0          0          0          0          0          0   entry10a.o
         0          0          0          0          0          0   entry11a.o
         8          4          0          0          0          0   entry2.o
         4          0          0          0          0          0   entry5.o
         0          0          0          0          0          0   entry7b.o
         0          0          0          0          0          0   entry8b.o
         8          4          0          0          0          0   entry9a.o
        30          0          0          0          0          0   handlers.o
        36          8          0          0          0         68   init.o
        30          0          0          0          0         68   llshl.o
        32          0          0          0          0         68   llushr.o
        36          0          0          0          0         68   memcpya.o
        98          0          0          0          0         92   uldiv.o

    ----------------------------------------------------------------------
       282         16          0          0          0        364   Library Totals
         0          0          0          0          0          0   (incl. Padding)

    ----------------------------------------------------------------------

      Code (inc. data)   RO Data    RW Data    ZI Data      Debug   Library Name

       282         16          0          0          0        364   mc_w.l

    ----------------------------------------------------------------------
       282         16          0          0          0        364   Library Totals

    ----------------------------------------------------------------------

==============================================================================


      Code (inc. data)   RO Data    RW Data    ZI Data      Debug   

     14756        814       7352        124       6340     997230   Grand Totals
     14756        814       7352        124       6340     997230   ELF Image Totals
     14756        814       7352        124          0          0   ROM Totals

==============================================================================

    Total RO  Size (Code + RO Data)                22108 (  21.59kB)
    Total RW  Size (RW Data + ZI Data)              6464 (   6.31kB)
    Total ROM Size (Code + RO Data + RW Data)      22232 (  21.71kB)

==============================================================================

